******************************************************************************
                  TI ARM Linker PC v20.2.7                     
******************************************************************************
>> Linked Tue Jun 25 06:27:43 2024

OUTPUT FILE NAME:   <FreeRTOS_Project.out>
ENTRY POINT SYMBOL: "_c_int00_noargs"  address: 00008059


MEMORY CONFIGURATION

         name            origin    length      used     unused   attr    fill
----------------------  --------  ---------  --------  --------  ----  --------
  FLASH                 00000000   00040000  0000833c  00037cc4  R  X
  SRAM                  20000000   00008000  0000354a  00004ab6  RW X


SEGMENT ALLOCATION MAP

run origin  load origin   length   init length attrs members
----------  ----------- ---------- ----------- ----- -------
00000000    00000000    00008340   00008340    r-x
  00000000    00000000    0000026c   0000026c    r-- .intvecs
  0000026c    0000026c    00007f64   00007f64    r-x .text
  000081d0    000081d0    0000011c   0000011c    r-- .const
  000082f0    000082f0    00000050   00000050    r-- .cinit
20000000    20000000    00003550   00000000    rw-
  20000000    20000000    000032ba   00000000    rw- .bss
  200032c0    200032c0    00000200   00000000    rw- .stack
  200034c0    200034c0    00000090   00000000    rw- .data


SECTION ALLOCATION MAP

 output                                  attributes/
section   page    origin      length       input sections
--------  ----  ----------  ----------   ----------------
.intvecs   0    00000000    0000026c     
                  00000000    0000026c     tm4c123gh6pm_startup_ccs.obj (.intvecs)

.text      0    0000026c    00007f64     
                  0000026c    000027b0     tasks.obj (.text)
                  00002a1c    00001046     queue.obj (.text)
                  00003a62    00000002     rtsv7M4_T_le_v4SPD16_eabi.lib : div0.asm.obj (.text)
                  00003a64    00000e40     main.obj (.text)
                  000048a4    00000a4e     rtsv7M4_T_le_v4SPD16_eabi.lib : _printfi.c.obj (.text:__TI_printfi)
                  000052f2    00000002     --HOLE-- [fill = 0]
                  000052f4    000007dc     timers.obj (.text)
                  00005ad0    00000570     event_groups.obj (.text)
                  00006040    000002b0     port.obj (.text)
                  000062f0    000002a4     gpio.obj (.text)
                  00006594    0000028c     heap_2.obj (.text)
                  00006820    00000270     rtsv7M4_T_le_v4SPD16_eabi.lib : _printfi.c.obj (.text:_pconv_a)
                  00006a90    000001d0                                   : _printfi.c.obj (.text:_pconv_g)
                  00006c60    000001c8     uart0.obj (.text)
                  00006e28    000001b6     rtsv7M4_T_le_v4SPD16_eabi.lib : fd_add_t2.asm.obj (.text)
                  00006fde    00000002     --HOLE-- [fill = 0]
                  00006fe0    0000013c                                   : _printfi.c.obj (.text:_pconv_e)
                  0000711c    00000136                                   : fd_div_t2.asm.obj (.text)
                  00007252    0000012a     list.obj (.text)
                  0000737c    00000124     rtsv7M4_T_le_v4SPD16_eabi.lib : _printfi.c.obj (.text:fcvt)
                  000074a0    00000110     adc.obj (.text)
                  000075b0    00000110     rtsv7M4_T_le_v4SPD16_eabi.lib : s_scalbn.c.obj (.text:scalbn)
                  000076c0    000000fc                                   : fd_mul_t2.asm.obj (.text)
                  000077bc    000000da     portasm.obj (.text)
                  00007896    00000002     --HOLE-- [fill = 0]
                  00007898    000000b1     rtsv7M4_T_le_v4SPD16_eabi.lib : _printfi.c.obj (.text:_ltostr)
                  00007949    00000001     --HOLE-- [fill = 0]
                  0000794a    0000009c                                   : memcpy_t2.asm.obj (.text)
                  000079e6    00000096                                   : ull_div_t2.asm.obj (.text)
                  00007a7c    00000086                                   : fd_cmp_t2.asm.obj (.text:__aeabi_cdcmple)
                  00007b02    00000086                                   : fd_cmp_t2.asm.obj (.text:__aeabi_cdrcmple)
                  00007b88    0000007a                                   : memset_t2.asm.obj (.text)
                  00007c02    0000006e                                   : _printfi.c.obj (.text:_mcpy)
                  00007c70    0000006e                                   : ll_div_t2.asm.obj (.text)
                  00007cde    00000068                                   : copy_decompress_lzss.c.obj (.text:decompress:lzss:__TI_decompress_lzss)
                  00007d46    00000002     --HOLE-- [fill = 0]
                  00007d48    00000064                                   : s_frexp.c.obj (.text:frexp)
                  00007dac    00000056                                   : _printfi.c.obj (.text:_pconv_f)
                  00007e02    00000002     --HOLE-- [fill = 0]
                  00007e04    00000054     GPTM.obj (.text)
                  00007e58    00000054     rtsv7M4_T_le_v4SPD16_eabi.lib : _ltoa.c.obj (.text:__TI_ltoa)
                  00007eac    00000052                                   : _printfi.c.obj (.text:_ecpy)
                  00007efe    00000002     --HOLE-- [fill = 0]
                  00007f00    0000004c                                   : atoi.c.obj (.text:atoi)
                  00007f4c    00000048                                   : fd_toi_t2.asm.obj (.text)
                  00007f94    00000044                                   : autoinit.c.obj (.text:__TI_auto_init_nobinit_nopinit:__TI_auto_init_nobinit_nopinit)
                  00007fd8    00000040                                   : sprintf.c.obj (.text:sprintf)
                  00008018    0000003e                                   : _printfi.c.obj (.text:_fcpy)
                  00008056    00000002     --HOLE-- [fill = 0]
                  00008058    00000034                                   : boot_cortex_m.c.obj (.text:_c_int00_noargs:_c_int00_noargs)
                  0000808c    0000002e                                   : i_tofd_t2.asm.obj (.text)
                  000080ba    00000020                                   : u_tofd_t2.asm.obj (.text)
                  000080da    0000001c                                   : memccpy.c.obj (.text:memccpy)
                  000080f6    0000001a                                   : s_copysign.c.obj (.text:copysign)
                  00008110    00000018                                   : sprintf.c.obj (.text:_outs)
                  00008128    00000018                                   : ll_mul_t2.asm.obj (.text)
                  00008140    00000016                                   : strchr.c.obj (.text:strchr)
                  00008156    00000014                                   : strcpy.c.obj (.text:strcpy)
                  0000816a    00000014                                   : strlen.c.obj (.text:strlen)
                  0000817e    00000012                                   : wcslen.c.obj (.text:wcslen)
                  00008190    0000000e                                   : copy_decompress_none.c.obj (.text:decompress:none:__TI_decompress_none)
                  0000819e    0000000c                                   : copy_zero_init.c.obj (.text:decompress:ZI:__TI_zero_init)
                  000081aa    0000000c     tm4c123gh6pm_startup_ccs.obj (.text)
                  000081b6    0000000a     rtsv7M4_T_le_v4SPD16_eabi.lib : sprintf.c.obj (.text:_outc)
                  000081c0    00000008                                   : errno.c.obj (.text:__aeabi_errno_addr)
                  000081c8    00000004                                   : pre_init.c.obj (.text:_system_pre_init)
                  000081cc    00000004                                   : exit.c.obj (.text:abort:abort)

.const     0    000081d0    0000011c     
                  000081d0    00000101     rtsv7M4_T_le_v4SPD16_eabi.lib : ctype.c.obj (.const:.string:_ctypes_)
                  000082d1    00000003     --HOLE-- [fill = 0]
                  000082d4    0000000a     main.obj (.const:.string)
                  000082de    00000002     --HOLE-- [fill = 0]
                  000082e0    00000008     port.obj (.const)
                  000082e8    00000004     tasks.obj (.const)

.cinit     0    000082f0    00000050     
                  000082f0    00000029     (.cinit..data.load) [load image, compression = lzss]
                  00008319    00000003     --HOLE-- [fill = 0]
                  0000831c    0000000c     (__TI_handler_table)
                  00008328    00000008     (.cinit..bss.load) [load image, compression = zero_init]
                  00008330    00000010     (__TI_cinit_table)

.init_array 
*          0    00000000    00000000     UNINITIALIZED

.bss       0    20000000    000032ba     UNINITIALIZED
                  20000000    00003000     heap_2.obj (.bss:ucHeap)
                  20003000    00000154     main.obj (.bss:runTimeStatsBuff$3)
                  20003154    00000064     tasks.obj (.bss:pxReadyTasksLists)
                  200031b8    00000014     timers.obj (.bss:xActiveTimerList1)
                  200031cc    00000014     timers.obj (.bss:xActiveTimerList2)
                  200031e0    00000014     tasks.obj (.bss:xDelayedTaskList1)
                  200031f4    00000014     tasks.obj (.bss:xDelayedTaskList2)
                  20003208    00000014     tasks.obj (.bss:xPendingReadyList)
                  2000321c    00000014     tasks.obj (.bss:xSuspendedTaskList)
                  20003230    00000014     tasks.obj (.bss:xTasksWaitingTermination)
                  20003244    00000008     tasks.obj (.bss)
                  2000324c    00000008     timers.obj (.bss)
                  20003254    00000008     heap_2.obj (.bss:xEnd)
                  2000325c    00000008     heap_2.obj (.bss:xStart)
                  20003264    00000004     (.common:Driver_Seat_HeaterState)
                  20003268    00000004     (.common:Passenger_Seat_HeaterState)
                  2000326c    00000004     (.common:xButtonTaskTaskHandle)
                  20003270    00000004     (.common:xButtonsEventGroup)
                  20003274    00000004     (.common:xDriverBinarySemaphore)
                  20003278    00000004     (.common:xDriverHeaterHandlerTaskHandle)
                  2000327c    00000004     (.common:xDriverHeaterTaskHandle)
                  20003280    00000004     (.common:xDriverStructMutex)
                  20003284    00000004     (.common:xDriverTempTaskHandle)
                  20003288    00000004     (.common:xPassengerBinarySemaphore)
                  2000328c    00000004     (.common:xPassengerHeaterHandlerTaskHandle)
                  20003290    00000004     (.common:xPassengerHeaterTaskHandle)
                  20003294    00000004     (.common:xPassengerStructMutex)
                  20003298    00000004     (.common:xPassengerTempTaskHandle)
                  2000329c    00000004     (.common:xQueueDriverTemperature)
                  200032a0    00000004     (.common:xQueuePassengerTemperature)
                  200032a4    00000004     (.common:xRunTimeAnalysisTaskHandle)
                  200032a8    00000004     (.common:xScreenTaskHandle)
                  200032ac    00000004     (.common:xUARTMutex)
                  200032b0    00000004     (.common:xUpdateScreenEventGroup)
                  200032b4    00000001     (.common:DriverTemperature)
                  200032b5    00000001     (.common:Driver_Seat_CurrentTemp)
                  200032b6    00000001     (.common:Driver_Seat_DesiredTemp)
                  200032b7    00000001     (.common:PassengerTemperature)
                  200032b8    00000001     (.common:Passenger_Seat_CurrentTemp)
                  200032b9    00000001     (.common:Passenger_Seat_DesiredTemp)

.data      0    200034c0    00000090     UNINITIALIZED
                  200034c0    0000003c     tasks.obj (.data)
                  200034fc    0000000c     main.obj (.data:Driver_Error)
                  20003508    0000000c     main.obj (.data:Passenger_Error)
                  20003514    0000000c     port.obj (.data)
                  20003520    0000000c     timers.obj (.data)
                  2000352c    0000000a     main.obj (.data)
                  20003536    00000002     --HOLE--
                  20003538    00000008     heap_2.obj (.data)
                  20003540    00000005     main.obj (.data:Driver_Seat_Info)
                  20003545    00000005     main.obj (.data:Passenger_Seat_Info)
                  2000354a    00000002     --HOLE--
                  2000354c    00000004     rtsv7M4_T_le_v4SPD16_eabi.lib : errno.c.obj (.data)

.stack     0    200032c0    00000200     UNINITIALIZED
                  200032c0    00000004     rtsv7M4_T_le_v4SPD16_eabi.lib : boot_cortex_m.c.obj (.stack)
                  200032c4    000001fc     --HOLE--

__llvm_prf_cnts 
*          0    20000000    00000000     UNINITIALIZED

MODULE SUMMARY

       Module                         code    ro data   rw data
       ------                         ----    -------   -------
    .\
       main.obj                       3648    10        470    
       tm4c123gh6pm_startup_ccs.obj   12      620       0      
    +--+------------------------------+-------+---------+---------+
       Total:                         3660    630       470    
                                                               
    .\FreeRTOS\Source\
       tasks.obj                      10160   4         268    
       queue.obj                      4166    0         0      
       timers.obj                     2012    0         60     
       event_groups.obj               1392    0         0      
       list.obj                       298     0         0      
    +--+------------------------------+-------+---------+---------+
       Total:                         18028   4         328    
                                                               
    .\FreeRTOS\Source\portable\CCS\ARM_CM4F\
       port.obj                       688     8         12     
       portasm.obj                    218     0         0      
    +--+------------------------------+-------+---------+---------+
       Total:                         906     8         12     
                                                               
    .\FreeRTOS\Source\portable\MemMang\
       heap_2.obj                     652     0         12312  
    +--+------------------------------+-------+---------+---------+
       Total:                         652     0         12312  
                                                               
    .\MCAL\ADC\
       adc.obj                        272     0         0      
    +--+------------------------------+-------+---------+---------+
       Total:                         272     0         0      
                                                               
    .\MCAL\GPIO\
       gpio.obj                       676     0         0      
    +--+------------------------------+-------+---------+---------+
       Total:                         676     0         0      
                                                               
    .\MCAL\GPTM\
       GPTM.obj                       84      0         0      
    +--+------------------------------+-------+---------+---------+
       Total:                         84      0         0      
                                                               
    .\MCAL\UART\
       uart0.obj                      456     0         0      
    +--+------------------------------+-------+---------+---------+
       Total:                         456     0         0      
                                                               
    C:\ti\ccs1260\ccs\tools\compiler\ti-cgt-arm_20.2.7.LTS\lib\rtsv7M4_T_le_v4SPD16_eabi.lib
       _printfi.c.obj                 4851    0         0      
       fd_add_t2.asm.obj              438     0         0      
       fd_div_t2.asm.obj              310     0         0      
       s_scalbn.c.obj                 272     0         0      
       fd_cmp_t2.asm.obj              268     0         0      
       ctype.c.obj                    0       257       0      
       fd_mul_t2.asm.obj              252     0         0      
       memcpy_t2.asm.obj              156     0         0      
       ull_div_t2.asm.obj             150     0         0      
       memset_t2.asm.obj              122     0         0      
       ll_div_t2.asm.obj              110     0         0      
       copy_decompress_lzss.c.obj     104     0         0      
       s_frexp.c.obj                  100     0         0      
       sprintf.c.obj                  98      0         0      
       _ltoa.c.obj                    84      0         0      
       atoi.c.obj                     76      0         0      
       fd_toi_t2.asm.obj              72      0         0      
       autoinit.c.obj                 68      0         0      
       boot_cortex_m.c.obj            52      0         0      
       i_tofd_t2.asm.obj              46      0         0      
       u_tofd_t2.asm.obj              32      0         0      
       memccpy.c.obj                  28      0         0      
       s_copysign.c.obj               26      0         0      
       ll_mul_t2.asm.obj              24      0         0      
       strchr.c.obj                   22      0         0      
       strcpy.c.obj                   20      0         0      
       strlen.c.obj                   20      0         0      
       wcslen.c.obj                   18      0         0      
       copy_decompress_none.c.obj     14      0         0      
       copy_zero_init.c.obj           12      0         0      
       errno.c.obj                    8       0         4      
       exit.c.obj                     4       0         0      
       pre_init.c.obj                 4       0         0      
       div0.asm.obj                   2       0         0      
    +--+------------------------------+-------+---------+---------+
       Total:                         7863    257       4      
                                                               
       Stack:                         0       0         512    
       Linker Generated:              0       77        0      
    +--+------------------------------+-------+---------+---------+
       Grand Total:                   32597   976       13638  


LINKER GENERATED COPY TABLES

__TI_cinit_table @ 00008330 records: 2, size/record: 8, table size: 16
	.data: load addr=000082f0, load size=00000029 bytes, run addr=200034c0, run size=00000090 bytes, compression=lzss
	.bss: load addr=00008328, load size=00000008 bytes, run addr=20000000, run size=000032ba bytes, compression=zero_init


LINKER GENERATED HANDLER TABLE

__TI_handler_table @ 0000831c records: 3, size/record: 4, table size: 12
	index: 0, handler: __TI_decompress_lzss
	index: 1, handler: __TI_decompress_none
	index: 2, handler: __TI_zero_init


GLOBAL SYMBOLS: SORTED ALPHABETICALLY BY Name 

address   name                               
-------   ----                               
000045d5  ADC0SS2_Handler                    
0000462d  ADC0SS3_Handler                    
000074a1  ADCInit                            
000081cd  C$$EXIT                            
00003a65  Delay_MS                           
200032b4  DriverTemperature                  
200034fc  Driver_Error                       
200032b5  Driver_Seat_CurrentTemp            
200032b6  Driver_Seat_DesiredTemp            
20003264  Driver_Seat_HeaterState            
2000352c  Driver_Seat_HeatingLevel           
20003540  Driver_Seat_Info                   
00004589  GPIOPortF_Handler                  
00006445  GPIO_BlueLedOff                    
00006421  GPIO_BlueLedOn                     
00006469  GPIO_BlueLedToggle                 
000062f1  GPIO_BuiltinButtonsLedsInit        
00006451  GPIO_GreenLedOff                   
0000642d  GPIO_GreenLedOn                    
00006475  GPIO_GreenLedToggle                
000063e5  GPIO_PORTA_BlueLedOff              
000063c1  GPIO_PORTA_BlueLedOn               
000063f1  GPIO_PORTA_GreenLedOff             
000063cd  GPIO_PORTA_GreenLedOn              
00006365  GPIO_PORTA_LedsInit                
00006409  GPIO_PORTA_Leds_Off                
000063fd  GPIO_PORTA_RedLedOff               
000063d9  GPIO_PORTA_RedLedOn                
000063b5  GPIO_PORTF_Leds_Off                
00006439  GPIO_RedLedOff                     
00006415  GPIO_RedLedOn                      
0000645d  GPIO_RedLedToggle                  
00006495  GPIO_SW1EdgeTriggeredInterruptInit 
00006481  GPIO_SW1GetState                   
000064e3  GPIO_SW2EdgeTriggeredInterruptInit 
0000648b  GPIO_SW2GetState                   
00007e05  GPTM_WTimer0Init                   
00007e35  GPTM_WTimer0Read                   
200032b7  PassengerTemperature               
20003508  Passenger_Error                    
200032b8  Passenger_Seat_CurrentTemp         
200032b9  Passenger_Seat_DesiredTemp         
20003268  Passenger_Seat_HeaterState         
20003530  Passenger_Seat_HeatingLevel        
20003545  Passenger_Seat_Info                
000081ab  ResetISR                           
00006cb7  UART0_Init                         
00006d13  UART0_ReceiveByte                  
00006cf7  UART0_SendByte                     
00006d49  UART0_SendInteger                  
00006d23  UART0_SendString                   
200034c0  __STACK_END                        
00000200  __STACK_SIZE                       
200034c0  __STACK_TOP                        
00008330  __TI_CINIT_Base                    
00008340  __TI_CINIT_Limit                   
0000831c  __TI_Handler_Table_Base            
00008328  __TI_Handler_Table_Limit           
00007f95  __TI_auto_init_nobinit_nopinit     
00007cdf  __TI_decompress_lzss               
00008191  __TI_decompress_none               
00007e59  __TI_ltoa                          
ffffffff  __TI_pprof_out_hndl                
000048a5  __TI_printfi                       
ffffffff  __TI_prof_data_size                
ffffffff  __TI_prof_data_start               
00000000  __TI_static_base__                 
0000819f  __TI_zero_init                     
00007a7d  __aeabi_cdcmpeq                    
00007a7d  __aeabi_cdcmple                    
00007b03  __aeabi_cdrcmple                   
00007f4d  __aeabi_d2iz                       
00006e33  __aeabi_dadd                       
0000711d  __aeabi_ddiv                       
000076c1  __aeabi_dmul                       
00006e29  __aeabi_dsub                       
000081c1  __aeabi_errno_addr                 
0000808d  __aeabi_i2d                        
00003a63  __aeabi_idiv0                      
00003a63  __aeabi_ldiv0                      
00007c71  __aeabi_ldivmod                    
00008129  __aeabi_lmul                       
00007b89  __aeabi_memclr                     
00007b89  __aeabi_memclr4                    
00007b89  __aeabi_memclr8                    
0000794b  __aeabi_memcpy                     
0000794b  __aeabi_memcpy4                    
0000794b  __aeabi_memcpy8                    
00007b8b  __aeabi_memset                     
00007b8b  __aeabi_memset4                    
00007b8b  __aeabi_memset8                    
000080bb  __aeabi_ui2d                       
000079e7  __aeabi_uldivmod                   
ffffffff  __binit__                          
ffffffff  __c_args__                         
UNDEFED   __mpu_init                         
200032c0  __stack                            
20000000  __start___llvm_prf_cnts            
20000000  __stop___llvm_prf_cnts             
00008059  _c_int00_noargs                    
000081d0  _ctypes_                           
UNDEFED   _system_post_cinit                 
000081c9  _system_pre_init                   
000081cd  abort                              
00007f01  atoi                               
ffffffff  binit                              
000080f7  copysign                           
000080f7  copysignl                          
000006f9  eTaskGetState                      
2000354c  errno                              
00007d49  frexp                              
00007d49  frexpl                             
00000000  g_pfnVectors                       
000075b1  ldexp                              
000075b1  ldexpl                             
00003aa5  main                               
000080db  memccpy                            
0000794b  memcpy                             
00007b91  memset                             
00000d9f  pcTaskGetName                      
00005559  pcTimerGetName                     
00006781  pvPortCalloc                       
00006595  pvPortMalloc                       
000020a9  pvTaskIncrementMutexHeldCount      
000059bd  pvTimerGetTimerID                  
200034c0  pxCurrentTCB                       
00006041  pxPortInitialiseStack              
000075b1  scalbn                             
000075b1  scalbnl                            
00007fd9  sprintf                            
00008141  strchr                             
00008157  strcpy                             
0000816b  strlen                             
00003779  ucQueueGetQueueType                
000082e0  ulMaxSyscallInterruptPriority      
000077cd  ulPortGetIPSR                      
000020c9  ulTaskGenericNotifyTake            
000028e1  ulTaskGenericNotifyValueClear      
00006007  uxEventGroupGetNumber              
00007335  uxListRemove                       
00003759  uxQueueGetQueueNumber              
000036ad  uxQueueMessagesWaiting             
0000370b  uxQueueMessagesWaitingFromISR      
000036d7  uxQueueSpacesAvailable             
00000d99  uxTaskGetNumberOfTasks             
00000df9  uxTaskGetSystemState               
000017b1  uxTaskGetTaskNumber                
00002087  uxTaskResetEventItemValue          
0000551f  uxTimerGetReloadMode               
00005a9b  uxTimerGetTimerNumber              
000082e8  uxTopUsedPriority                  
00004685  vApplicationIdleHook               
00003c89  vButtonTask                        
00004129  vDriverHeaterHandlerTask           
00003ead  vDriverHeaterTask                  
00004389  vDriverTempTask                    
00005fa1  vEventGroupClearBitsCallback       
00005f27  vEventGroupDelete                  
00005f91  vEventGroupSetBitsCallback         
00006027  vEventGroupSetNumber               
00007253  vListInitialise                    
00007283  vListInitialiseItem                
000072cf  vListInsert                        
00007293  vListInsertEnd                     
00004259  vPassengerHeaterHandlerTask        
00003fe1  vPassengerHeaterTask               
000043b9  vPassengerTempTask                 
00007889  vPortEnableVFP                     
00006185  vPortEndScheduler                  
000061a9  vPortEnterCritical                 
000061eb  vPortExitCritical                  
000066bb  vPortFree                          
0000677f  vPortInitialiseBlocks              
00007845  vPortSVCHandler                    
0000623d  vPortSetupTimerInterrupt           
00007865  vPortStartFirstTask                
00006259  vPortValidateInterruptPriority     
00003735  vQueueDelete                       
00003767  vQueueSetQueueNumber               
00003a07  vQueueWaitForMessageRestricted     
00004515  vRunTimeMeasurementsTask           
000043f9  vScreenTask                        
00000699  vTaskDelay                         
000004d5  vTaskDelete                        
00000b97  vTaskEndScheduler                  
000026c9  vTaskGenericNotifyGiveFromISR      
000018b9  vTaskGetInfo                       
00001faf  vTaskGetRunTimeStats               
000016d1  vTaskInternalSetTimeOutState       
00001e9d  vTaskList                          
000017a5  vTaskMissedYield                   
000012a1  vTaskPlaceOnEventList              
0000137d  vTaskPlaceOnEventListRestricted    
000012d9  vTaskPlaceOnUnorderedEventList     
00001d0d  vTaskPriorityDisinheritAfterTimeout
00001565  vTaskRemoveFromUnorderedEventList  
00000941  vTaskResume                        
00001115  vTaskSetApplicationTaskTag         
000017d5  vTaskSetTaskNumber                 
0000169f  vTaskSetTimeOutState               
00000b1d  vTaskStartScheduler                
000007dd  vTaskSuspend                       
00000bb3  vTaskSuspendAll                    
000011ed  vTaskSwitchContext                 
00005499  vTimerSetReloadMode                
000059eb  vTimerSetTimerID                   
00005aa9  vTimerSetTimerNumber               
0000817f  wcslen                             
2000326c  xButtonTaskTaskHandle              
20003270  xButtonsEventGroup                 
20003274  xDriverBinarySemaphore             
20003278  xDriverHeaterHandlerTaskHandle     
2000327c  xDriverHeaterTaskHandle            
20003280  xDriverStructMutex                 
20003284  xDriverTempTaskHandle              
00005d83  xEventGroupClearBits               
00005de1  xEventGroupClearBitsFromISR        
00005ad1  xEventGroupCreate                  
00005df9  xEventGroupGetBitsFromISR          
00005e2d  xEventGroupSetBits                 
00005fe7  xEventGroupSetBitsFromISR          
00005af1  xEventGroupSync                    
00005c23  xEventGroupWaitBits                
20003288  xPassengerBinarySemaphore          
2000328c  xPassengerHeaterHandlerTaskHandle  
20003290  xPassengerHeaterTaskHandle         
20003294  xPassengerStructMutex              
20003298  xPassengerTempTaskHandle           
00006779  xPortGetFreeHeapSize               
000077e5  xPortPendSVHandler                 
000060cd  xPortStartScheduler                
00006217  xPortSysTickHandler                
00002c0d  xQueueCreateMutex                  
2000329c  xQueueDriverTemperature            
00002b1d  xQueueGenericCreate                
00002a1d  xQueueGenericReset                 
00002c39  xQueueGenericSend                  
00002df1  xQueueGenericSendFromISR           
00002f29  xQueueGiveFromISR                  
00003973  xQueueIsQueueEmptyFromISR          
000039cd  xQueueIsQueueFullFromISR           
200032a0  xQueuePassengerTemperature         
00003379  xQueuePeek                         
000035fd  xQueuePeekFromISR                  
0000304d  xQueueReceive                      
000034f7  xQueueReceiveFromISR               
000031c5  xQueueSemaphoreTake                
200032a4  xRunTimeAnalysisTaskHandle         
200032a8  xScreenTaskHandle                  
000011ad  xTaskCallApplicationTaskHook       
00000ed3  xTaskCatchUpTicks                  
000016f9  xTaskCheckForTimeOut               
0000026d  xTaskCreate                        
000005a9  xTaskDelayUntil                    
0000228d  xTaskGenericNotify                 
00002473  xTaskGenericNotifyFromISR          
00002879  xTaskGenericNotifyStateClear       
00002191  xTaskGenericNotifyWait             
00001145  xTaskGetApplicationTaskTag         
0000116d  xTaskGetApplicationTaskTagFromISR  
00001a81  xTaskGetCurrentTaskHandle          
00001a99  xTaskGetSchedulerState             
00000d6f  xTaskGetTickCount                  
00000d85  xTaskGetTickCountFromISR           
00000f31  xTaskIncrementTick                 
00001bfb  xTaskPriorityDisinherit            
00001ae9  xTaskPriorityInherit               
000013f9  xTaskRemoveFromEventList           
00000bc9  xTaskResumeAll                     
00000a19  xTaskResumeFromISR                 
00005333  xTimerCreate                       
000052f5  xTimerCreateTimerTask              
000053d1  xTimerGenericCommand               
0000552b  xTimerGetExpiryTime                
00005473  xTimerGetPeriod                    
000054e3  xTimerGetReloadMode                
00005451  xTimerGetTimerDaemonTaskHandle     
00005981  xTimerIsTimerActive                
00005a4f  xTimerPendFunctionCall             
00005a19  xTimerPendFunctionCallFromISR      
200032ac  xUARTMutex                         
200032b0  xUpdateScreenEventGroup            


GLOBAL SYMBOLS: SORTED BY Symbol Address 

address   name                               
-------   ----                               
00000000  __TI_static_base__                 
00000000  g_pfnVectors                       
00000200  __STACK_SIZE                       
0000026d  xTaskCreate                        
000004d5  vTaskDelete                        
000005a9  xTaskDelayUntil                    
00000699  vTaskDelay                         
000006f9  eTaskGetState                      
000007dd  vTaskSuspend                       
00000941  vTaskResume                        
00000a19  xTaskResumeFromISR                 
00000b1d  vTaskStartScheduler                
00000b97  vTaskEndScheduler                  
00000bb3  vTaskSuspendAll                    
00000bc9  xTaskResumeAll                     
00000d6f  xTaskGetTickCount                  
00000d85  xTaskGetTickCountFromISR           
00000d99  uxTaskGetNumberOfTasks             
00000d9f  pcTaskGetName                      
00000df9  uxTaskGetSystemState               
00000ed3  xTaskCatchUpTicks                  
00000f31  xTaskIncrementTick                 
00001115  vTaskSetApplicationTaskTag         
00001145  xTaskGetApplicationTaskTag         
0000116d  xTaskGetApplicationTaskTagFromISR  
000011ad  xTaskCallApplicationTaskHook       
000011ed  vTaskSwitchContext                 
000012a1  vTaskPlaceOnEventList              
000012d9  vTaskPlaceOnUnorderedEventList     
0000137d  vTaskPlaceOnEventListRestricted    
000013f9  xTaskRemoveFromEventList           
00001565  vTaskRemoveFromUnorderedEventList  
0000169f  vTaskSetTimeOutState               
000016d1  vTaskInternalSetTimeOutState       
000016f9  xTaskCheckForTimeOut               
000017a5  vTaskMissedYield                   
000017b1  uxTaskGetTaskNumber                
000017d5  vTaskSetTaskNumber                 
000018b9  vTaskGetInfo                       
00001a81  xTaskGetCurrentTaskHandle          
00001a99  xTaskGetSchedulerState             
00001ae9  xTaskPriorityInherit               
00001bfb  xTaskPriorityDisinherit            
00001d0d  vTaskPriorityDisinheritAfterTimeout
00001e9d  vTaskList                          
00001faf  vTaskGetRunTimeStats               
00002087  uxTaskResetEventItemValue          
000020a9  pvTaskIncrementMutexHeldCount      
000020c9  ulTaskGenericNotifyTake            
00002191  xTaskGenericNotifyWait             
0000228d  xTaskGenericNotify                 
00002473  xTaskGenericNotifyFromISR          
000026c9  vTaskGenericNotifyGiveFromISR      
00002879  xTaskGenericNotifyStateClear       
000028e1  ulTaskGenericNotifyValueClear      
00002a1d  xQueueGenericReset                 
00002b1d  xQueueGenericCreate                
00002c0d  xQueueCreateMutex                  
00002c39  xQueueGenericSend                  
00002df1  xQueueGenericSendFromISR           
00002f29  xQueueGiveFromISR                  
0000304d  xQueueReceive                      
000031c5  xQueueSemaphoreTake                
00003379  xQueuePeek                         
000034f7  xQueueReceiveFromISR               
000035fd  xQueuePeekFromISR                  
000036ad  uxQueueMessagesWaiting             
000036d7  uxQueueSpacesAvailable             
0000370b  uxQueueMessagesWaitingFromISR      
00003735  vQueueDelete                       
00003759  uxQueueGetQueueNumber              
00003767  vQueueSetQueueNumber               
00003779  ucQueueGetQueueType                
00003973  xQueueIsQueueEmptyFromISR          
000039cd  xQueueIsQueueFullFromISR           
00003a07  vQueueWaitForMessageRestricted     
00003a63  __aeabi_idiv0                      
00003a63  __aeabi_ldiv0                      
00003a65  Delay_MS                           
00003aa5  main                               
00003c89  vButtonTask                        
00003ead  vDriverHeaterTask                  
00003fe1  vPassengerHeaterTask               
00004129  vDriverHeaterHandlerTask           
00004259  vPassengerHeaterHandlerTask        
00004389  vDriverTempTask                    
000043b9  vPassengerTempTask                 
000043f9  vScreenTask                        
00004515  vRunTimeMeasurementsTask           
00004589  GPIOPortF_Handler                  
000045d5  ADC0SS2_Handler                    
0000462d  ADC0SS3_Handler                    
00004685  vApplicationIdleHook               
000048a5  __TI_printfi                       
000052f5  xTimerCreateTimerTask              
00005333  xTimerCreate                       
000053d1  xTimerGenericCommand               
00005451  xTimerGetTimerDaemonTaskHandle     
00005473  xTimerGetPeriod                    
00005499  vTimerSetReloadMode                
000054e3  xTimerGetReloadMode                
0000551f  uxTimerGetReloadMode               
0000552b  xTimerGetExpiryTime                
00005559  pcTimerGetName                     
00005981  xTimerIsTimerActive                
000059bd  pvTimerGetTimerID                  
000059eb  vTimerSetTimerID                   
00005a19  xTimerPendFunctionCallFromISR      
00005a4f  xTimerPendFunctionCall             
00005a9b  uxTimerGetTimerNumber              
00005aa9  vTimerSetTimerNumber               
00005ad1  xEventGroupCreate                  
00005af1  xEventGroupSync                    
00005c23  xEventGroupWaitBits                
00005d83  xEventGroupClearBits               
00005de1  xEventGroupClearBitsFromISR        
00005df9  xEventGroupGetBitsFromISR          
00005e2d  xEventGroupSetBits                 
00005f27  vEventGroupDelete                  
00005f91  vEventGroupSetBitsCallback         
00005fa1  vEventGroupClearBitsCallback       
00005fe7  xEventGroupSetBitsFromISR          
00006007  uxEventGroupGetNumber              
00006027  vEventGroupSetNumber               
00006041  pxPortInitialiseStack              
000060cd  xPortStartScheduler                
00006185  vPortEndScheduler                  
000061a9  vPortEnterCritical                 
000061eb  vPortExitCritical                  
00006217  xPortSysTickHandler                
0000623d  vPortSetupTimerInterrupt           
00006259  vPortValidateInterruptPriority     
000062f1  GPIO_BuiltinButtonsLedsInit        
00006365  GPIO_PORTA_LedsInit                
000063b5  GPIO_PORTF_Leds_Off                
000063c1  GPIO_PORTA_BlueLedOn               
000063cd  GPIO_PORTA_GreenLedOn              
000063d9  GPIO_PORTA_RedLedOn                
000063e5  GPIO_PORTA_BlueLedOff              
000063f1  GPIO_PORTA_GreenLedOff             
000063fd  GPIO_PORTA_RedLedOff               
00006409  GPIO_PORTA_Leds_Off                
00006415  GPIO_RedLedOn                      
00006421  GPIO_BlueLedOn                     
0000642d  GPIO_GreenLedOn                    
00006439  GPIO_RedLedOff                     
00006445  GPIO_BlueLedOff                    
00006451  GPIO_GreenLedOff                   
0000645d  GPIO_RedLedToggle                  
00006469  GPIO_BlueLedToggle                 
00006475  GPIO_GreenLedToggle                
00006481  GPIO_SW1GetState                   
0000648b  GPIO_SW2GetState                   
00006495  GPIO_SW1EdgeTriggeredInterruptInit 
000064e3  GPIO_SW2EdgeTriggeredInterruptInit 
00006595  pvPortMalloc                       
000066bb  vPortFree                          
00006779  xPortGetFreeHeapSize               
0000677f  vPortInitialiseBlocks              
00006781  pvPortCalloc                       
00006cb7  UART0_Init                         
00006cf7  UART0_SendByte                     
00006d13  UART0_ReceiveByte                  
00006d23  UART0_SendString                   
00006d49  UART0_SendInteger                  
00006e29  __aeabi_dsub                       
00006e33  __aeabi_dadd                       
0000711d  __aeabi_ddiv                       
00007253  vListInitialise                    
00007283  vListInitialiseItem                
00007293  vListInsertEnd                     
000072cf  vListInsert                        
00007335  uxListRemove                       
000074a1  ADCInit                            
000075b1  ldexp                              
000075b1  ldexpl                             
000075b1  scalbn                             
000075b1  scalbnl                            
000076c1  __aeabi_dmul                       
000077cd  ulPortGetIPSR                      
000077e5  xPortPendSVHandler                 
00007845  vPortSVCHandler                    
00007865  vPortStartFirstTask                
00007889  vPortEnableVFP                     
0000794b  __aeabi_memcpy                     
0000794b  __aeabi_memcpy4                    
0000794b  __aeabi_memcpy8                    
0000794b  memcpy                             
000079e7  __aeabi_uldivmod                   
00007a7d  __aeabi_cdcmpeq                    
00007a7d  __aeabi_cdcmple                    
00007b03  __aeabi_cdrcmple                   
00007b89  __aeabi_memclr                     
00007b89  __aeabi_memclr4                    
00007b89  __aeabi_memclr8                    
00007b8b  __aeabi_memset                     
00007b8b  __aeabi_memset4                    
00007b8b  __aeabi_memset8                    
00007b91  memset                             
00007c71  __aeabi_ldivmod                    
00007cdf  __TI_decompress_lzss               
00007d49  frexp                              
00007d49  frexpl                             
00007e05  GPTM_WTimer0Init                   
00007e35  GPTM_WTimer0Read                   
00007e59  __TI_ltoa                          
00007f01  atoi                               
00007f4d  __aeabi_d2iz                       
00007f95  __TI_auto_init_nobinit_nopinit     
00007fd9  sprintf                            
00008059  _c_int00_noargs                    
0000808d  __aeabi_i2d                        
000080bb  __aeabi_ui2d                       
000080db  memccpy                            
000080f7  copysign                           
000080f7  copysignl                          
00008129  __aeabi_lmul                       
00008141  strchr                             
00008157  strcpy                             
0000816b  strlen                             
0000817f  wcslen                             
00008191  __TI_decompress_none               
0000819f  __TI_zero_init                     
000081ab  ResetISR                           
000081c1  __aeabi_errno_addr                 
000081c9  _system_pre_init                   
000081cd  C$$EXIT                            
000081cd  abort                              
000081d0  _ctypes_                           
000082e0  ulMaxSyscallInterruptPriority      
000082e8  uxTopUsedPriority                  
0000831c  __TI_Handler_Table_Base            
00008328  __TI_Handler_Table_Limit           
00008330  __TI_CINIT_Base                    
00008340  __TI_CINIT_Limit                   
20000000  __start___llvm_prf_cnts            
20000000  __stop___llvm_prf_cnts             
20003264  Driver_Seat_HeaterState            
20003268  Passenger_Seat_HeaterState         
2000326c  xButtonTaskTaskHandle              
20003270  xButtonsEventGroup                 
20003274  xDriverBinarySemaphore             
20003278  xDriverHeaterHandlerTaskHandle     
2000327c  xDriverHeaterTaskHandle            
20003280  xDriverStructMutex                 
20003284  xDriverTempTaskHandle              
20003288  xPassengerBinarySemaphore          
2000328c  xPassengerHeaterHandlerTaskHandle  
20003290  xPassengerHeaterTaskHandle         
20003294  xPassengerStructMutex              
20003298  xPassengerTempTaskHandle           
2000329c  xQueueDriverTemperature            
200032a0  xQueuePassengerTemperature         
200032a4  xRunTimeAnalysisTaskHandle         
200032a8  xScreenTaskHandle                  
200032ac  xUARTMutex                         
200032b0  xUpdateScreenEventGroup            
200032b4  DriverTemperature                  
200032b5  Driver_Seat_CurrentTemp            
200032b6  Driver_Seat_DesiredTemp            
200032b7  PassengerTemperature               
200032b8  Passenger_Seat_CurrentTemp         
200032b9  Passenger_Seat_DesiredTemp         
200032c0  __stack                            
200034c0  __STACK_END                        
200034c0  __STACK_TOP                        
200034c0  pxCurrentTCB                       
200034fc  Driver_Error                       
20003508  Passenger_Error                    
2000352c  Driver_Seat_HeatingLevel           
20003530  Passenger_Seat_HeatingLevel        
20003540  Driver_Seat_Info                   
20003545  Passenger_Seat_Info                
2000354c  errno                              
ffffffff  __TI_pprof_out_hndl                
ffffffff  __TI_prof_data_size                
ffffffff  __TI_prof_data_start               
ffffffff  __binit__                          
ffffffff  __c_args__                         
ffffffff  binit                              
UNDEFED   __mpu_init                         
UNDEFED   _system_post_cinit                 

[282 symbols]
