<?xml version="1.0" encoding="ISO-8859-1" ?>
<link_info>
   <banner>TI ARM Linker PC v20.2.7.LTS</banner>
   <copyright>Copyright (c) 1996-2018 Texas Instruments Incorporated</copyright>
   <link_time>0x667a392f</link_time>
   <link_errors>0x0</link_errors>
   <output_file>FreeRTOS_Project.out</output_file>
   <entry_point>
      <name>_c_int00_noargs</name>
      <address>0x8059</address>
   </entry_point>
   <input_file_list>
      <input_file id="fl-2">
         <path>.\</path>
         <kind>object</kind>
         <file>main.obj</file>
         <name>main.obj</name>
      </input_file>
      <input_file id="fl-3">
         <path>.\</path>
         <kind>object</kind>
         <file>tm4c123gh6pm_startup_ccs.obj</file>
         <name>tm4c123gh6pm_startup_ccs.obj</name>
      </input_file>
      <input_file id="fl-4">
         <path>.\FreeRTOS\Source\</path>
         <kind>object</kind>
         <file>event_groups.obj</file>
         <name>event_groups.obj</name>
      </input_file>
      <input_file id="fl-5">
         <path>.\FreeRTOS\Source\</path>
         <kind>object</kind>
         <file>list.obj</file>
         <name>list.obj</name>
      </input_file>
      <input_file id="fl-6">
         <path>.\FreeRTOS\Source\</path>
         <kind>object</kind>
         <file>queue.obj</file>
         <name>queue.obj</name>
      </input_file>
      <input_file id="fl-7">
         <path>.\FreeRTOS\Source\</path>
         <kind>object</kind>
         <file>tasks.obj</file>
         <name>tasks.obj</name>
      </input_file>
      <input_file id="fl-8">
         <path>.\FreeRTOS\Source\</path>
         <kind>object</kind>
         <file>timers.obj</file>
         <name>timers.obj</name>
      </input_file>
      <input_file id="fl-9">
         <path>.\FreeRTOS\Source\portable\CCS\ARM_CM4F\</path>
         <kind>object</kind>
         <file>port.obj</file>
         <name>port.obj</name>
      </input_file>
      <input_file id="fl-a">
         <path>.\FreeRTOS\Source\portable\CCS\ARM_CM4F\</path>
         <kind>object</kind>
         <file>portasm.obj</file>
         <name>portasm.obj</name>
      </input_file>
      <input_file id="fl-b">
         <path>.\FreeRTOS\Source\portable\MemMang\</path>
         <kind>object</kind>
         <file>heap_2.obj</file>
         <name>heap_2.obj</name>
      </input_file>
      <input_file id="fl-c">
         <path>.\MCAL\ADC\</path>
         <kind>object</kind>
         <file>adc.obj</file>
         <name>adc.obj</name>
      </input_file>
      <input_file id="fl-d">
         <path>.\MCAL\GPIO\</path>
         <kind>object</kind>
         <file>gpio.obj</file>
         <name>gpio.obj</name>
      </input_file>
      <input_file id="fl-e">
         <path>.\MCAL\GPTM\</path>
         <kind>object</kind>
         <file>GPTM.obj</file>
         <name>GPTM.obj</name>
      </input_file>
      <input_file id="fl-f">
         <path>.\MCAL\UART\</path>
         <kind>object</kind>
         <file>uart0.obj</file>
         <name>uart0.obj</name>
      </input_file>
      <input_file id="fl-13">
         <kind>object</kind>
         <file>&lt;internal&gt;</file>
         <name>&lt;internal&gt;</name>
      </input_file>
      <input_file id="fl-c9">
         <path>C:\ti\ccs1260\ccs\tools\compiler\ti-cgt-arm_20.2.7.LTS\lib\</path>
         <kind>archive</kind>
         <file>rtsv7M4_T_le_v4SPD16_eabi.lib</file>
         <name>sprintf.c.obj</name>
      </input_file>
      <input_file id="fl-ca">
         <path>C:\ti\ccs1260\ccs\tools\compiler\ti-cgt-arm_20.2.7.LTS\lib\</path>
         <kind>archive</kind>
         <file>rtsv7M4_T_le_v4SPD16_eabi.lib</file>
         <name>fd_div_t2.asm.obj</name>
      </input_file>
      <input_file id="fl-cb">
         <path>C:\ti\ccs1260\ccs\tools\compiler\ti-cgt-arm_20.2.7.LTS\lib\</path>
         <kind>archive</kind>
         <file>rtsv7M4_T_le_v4SPD16_eabi.lib</file>
         <name>fd_mul_t2.asm.obj</name>
      </input_file>
      <input_file id="fl-cc">
         <path>C:\ti\ccs1260\ccs\tools\compiler\ti-cgt-arm_20.2.7.LTS\lib\</path>
         <kind>archive</kind>
         <file>rtsv7M4_T_le_v4SPD16_eabi.lib</file>
         <name>fd_toi_t2.asm.obj</name>
      </input_file>
      <input_file id="fl-cd">
         <path>C:\ti\ccs1260\ccs\tools\compiler\ti-cgt-arm_20.2.7.LTS\lib\</path>
         <kind>archive</kind>
         <file>rtsv7M4_T_le_v4SPD16_eabi.lib</file>
         <name>ll_mul_t2.asm.obj</name>
      </input_file>
      <input_file id="fl-ce">
         <path>C:\ti\ccs1260\ccs\tools\compiler\ti-cgt-arm_20.2.7.LTS\lib\</path>
         <kind>archive</kind>
         <file>rtsv7M4_T_le_v4SPD16_eabi.lib</file>
         <name>memcpy_t2.asm.obj</name>
      </input_file>
      <input_file id="fl-cf">
         <path>C:\ti\ccs1260\ccs\tools\compiler\ti-cgt-arm_20.2.7.LTS\lib\</path>
         <kind>archive</kind>
         <file>rtsv7M4_T_le_v4SPD16_eabi.lib</file>
         <name>u_tofd_t2.asm.obj</name>
      </input_file>
      <input_file id="fl-d0">
         <path>C:\ti\ccs1260\ccs\tools\compiler\ti-cgt-arm_20.2.7.LTS\lib\</path>
         <kind>archive</kind>
         <file>rtsv7M4_T_le_v4SPD16_eabi.lib</file>
         <name>memset_t2.asm.obj</name>
      </input_file>
      <input_file id="fl-d1">
         <path>C:\ti\ccs1260\ccs\tools\compiler\ti-cgt-arm_20.2.7.LTS\lib\</path>
         <kind>archive</kind>
         <file>rtsv7M4_T_le_v4SPD16_eabi.lib</file>
         <name>ll_div_t2.asm.obj</name>
      </input_file>
      <input_file id="fl-d2">
         <path>C:\ti\ccs1260\ccs\tools\compiler\ti-cgt-arm_20.2.7.LTS\lib\</path>
         <kind>archive</kind>
         <file>rtsv7M4_T_le_v4SPD16_eabi.lib</file>
         <name>ull_div_t2.asm.obj</name>
      </input_file>
      <input_file id="fl-d3">
         <path>C:\ti\ccs1260\ccs\tools\compiler\ti-cgt-arm_20.2.7.LTS\lib\</path>
         <kind>archive</kind>
         <file>rtsv7M4_T_le_v4SPD16_eabi.lib</file>
         <name>copy_zero_init.c.obj</name>
      </input_file>
      <input_file id="fl-d4">
         <path>C:\ti\ccs1260\ccs\tools\compiler\ti-cgt-arm_20.2.7.LTS\lib\</path>
         <kind>archive</kind>
         <file>rtsv7M4_T_le_v4SPD16_eabi.lib</file>
         <name>copy_decompress_none.c.obj</name>
      </input_file>
      <input_file id="fl-d5">
         <path>C:\ti\ccs1260\ccs\tools\compiler\ti-cgt-arm_20.2.7.LTS\lib\</path>
         <kind>archive</kind>
         <file>rtsv7M4_T_le_v4SPD16_eabi.lib</file>
         <name>copy_decompress_lzss.c.obj</name>
      </input_file>
      <input_file id="fl-d6">
         <path>C:\ti\ccs1260\ccs\tools\compiler\ti-cgt-arm_20.2.7.LTS\lib\</path>
         <kind>archive</kind>
         <file>rtsv7M4_T_le_v4SPD16_eabi.lib</file>
         <name>strcpy.c.obj</name>
      </input_file>
      <input_file id="fl-d7">
         <path>C:\ti\ccs1260\ccs\tools\compiler\ti-cgt-arm_20.2.7.LTS\lib\</path>
         <kind>archive</kind>
         <file>rtsv7M4_T_le_v4SPD16_eabi.lib</file>
         <name>strlen.c.obj</name>
      </input_file>
      <input_file id="fl-d8">
         <path>C:\ti\ccs1260\ccs\tools\compiler\ti-cgt-arm_20.2.7.LTS\lib\</path>
         <kind>archive</kind>
         <file>rtsv7M4_T_le_v4SPD16_eabi.lib</file>
         <name>boot_cortex_m.c.obj</name>
      </input_file>
      <input_file id="fl-d9">
         <path>C:\ti\ccs1260\ccs\tools\compiler\ti-cgt-arm_20.2.7.LTS\lib\</path>
         <kind>archive</kind>
         <file>rtsv7M4_T_le_v4SPD16_eabi.lib</file>
         <name>_printfi.c.obj</name>
      </input_file>
      <input_file id="fl-da">
         <path>C:\ti\ccs1260\ccs\tools\compiler\ti-cgt-arm_20.2.7.LTS\lib\</path>
         <kind>archive</kind>
         <file>rtsv7M4_T_le_v4SPD16_eabi.lib</file>
         <name>div0.asm.obj</name>
      </input_file>
      <input_file id="fl-db">
         <path>C:\ti\ccs1260\ccs\tools\compiler\ti-cgt-arm_20.2.7.LTS\lib\</path>
         <kind>archive</kind>
         <file>rtsv7M4_T_le_v4SPD16_eabi.lib</file>
         <name>fd_add_t2.asm.obj</name>
      </input_file>
      <input_file id="fl-dc">
         <path>C:\ti\ccs1260\ccs\tools\compiler\ti-cgt-arm_20.2.7.LTS\lib\</path>
         <kind>archive</kind>
         <file>rtsv7M4_T_le_v4SPD16_eabi.lib</file>
         <name>fd_cmp_t2.asm.obj</name>
      </input_file>
      <input_file id="fl-dd">
         <path>C:\ti\ccs1260\ccs\tools\compiler\ti-cgt-arm_20.2.7.LTS\lib\</path>
         <kind>archive</kind>
         <file>rtsv7M4_T_le_v4SPD16_eabi.lib</file>
         <name>i_tofd_t2.asm.obj</name>
      </input_file>
      <input_file id="fl-de">
         <path>C:\ti\ccs1260\ccs\tools\compiler\ti-cgt-arm_20.2.7.LTS\lib\</path>
         <kind>archive</kind>
         <file>rtsv7M4_T_le_v4SPD16_eabi.lib</file>
         <name>autoinit.c.obj</name>
      </input_file>
      <input_file id="fl-df">
         <path>C:\ti\ccs1260\ccs\tools\compiler\ti-cgt-arm_20.2.7.LTS\lib\</path>
         <kind>archive</kind>
         <file>rtsv7M4_T_le_v4SPD16_eabi.lib</file>
         <name>pre_init.c.obj</name>
      </input_file>
      <input_file id="fl-e0">
         <path>C:\ti\ccs1260\ccs\tools\compiler\ti-cgt-arm_20.2.7.LTS\lib\</path>
         <kind>archive</kind>
         <file>rtsv7M4_T_le_v4SPD16_eabi.lib</file>
         <name>cpy_tbl.c.obj</name>
      </input_file>
      <input_file id="fl-e1">
         <path>C:\ti\ccs1260\ccs\tools\compiler\ti-cgt-arm_20.2.7.LTS\lib\</path>
         <kind>archive</kind>
         <file>rtsv7M4_T_le_v4SPD16_eabi.lib</file>
         <name>exit.c.obj</name>
      </input_file>
      <input_file id="fl-e2">
         <path>C:\ti\ccs1260\ccs\tools\compiler\ti-cgt-arm_20.2.7.LTS\lib\</path>
         <kind>archive</kind>
         <file>rtsv7M4_T_le_v4SPD16_eabi.lib</file>
         <name>_lock.c.obj</name>
      </input_file>
      <input_file id="fl-e3">
         <path>C:\ti\ccs1260\ccs\tools\compiler\ti-cgt-arm_20.2.7.LTS\lib\</path>
         <kind>archive</kind>
         <file>rtsv7M4_T_le_v4SPD16_eabi.lib</file>
         <name>_ltoa.c.obj</name>
      </input_file>
      <input_file id="fl-e4">
         <path>C:\ti\ccs1260\ccs\tools\compiler\ti-cgt-arm_20.2.7.LTS\lib\</path>
         <kind>archive</kind>
         <file>rtsv7M4_T_le_v4SPD16_eabi.lib</file>
         <name>args_main.c.obj</name>
      </input_file>
      <input_file id="fl-e5">
         <path>C:\ti\ccs1260\ccs\tools\compiler\ti-cgt-arm_20.2.7.LTS\lib\</path>
         <kind>archive</kind>
         <file>rtsv7M4_T_le_v4SPD16_eabi.lib</file>
         <name>atoi.c.obj</name>
      </input_file>
      <input_file id="fl-e6">
         <path>C:\ti\ccs1260\ccs\tools\compiler\ti-cgt-arm_20.2.7.LTS\lib\</path>
         <kind>archive</kind>
         <file>rtsv7M4_T_le_v4SPD16_eabi.lib</file>
         <name>ctype.c.obj</name>
      </input_file>
      <input_file id="fl-e7">
         <path>C:\ti\ccs1260\ccs\tools\compiler\ti-cgt-arm_20.2.7.LTS\lib\</path>
         <kind>archive</kind>
         <file>rtsv7M4_T_le_v4SPD16_eabi.lib</file>
         <name>memccpy.c.obj</name>
      </input_file>
      <input_file id="fl-e8">
         <path>C:\ti\ccs1260\ccs\tools\compiler\ti-cgt-arm_20.2.7.LTS\lib\</path>
         <kind>archive</kind>
         <file>rtsv7M4_T_le_v4SPD16_eabi.lib</file>
         <name>strchr.c.obj</name>
      </input_file>
      <input_file id="fl-e9">
         <path>C:\ti\ccs1260\ccs\tools\compiler\ti-cgt-arm_20.2.7.LTS\lib\</path>
         <kind>archive</kind>
         <file>rtsv7M4_T_le_v4SPD16_eabi.lib</file>
         <name>errno.c.obj</name>
      </input_file>
      <input_file id="fl-ea">
         <path>C:\ti\ccs1260\ccs\tools\compiler\ti-cgt-arm_20.2.7.LTS\lib\</path>
         <kind>archive</kind>
         <file>rtsv7M4_T_le_v4SPD16_eabi.lib</file>
         <name>wcslen.c.obj</name>
      </input_file>
      <input_file id="fl-eb">
         <path>C:\ti\ccs1260\ccs\tools\compiler\ti-cgt-arm_20.2.7.LTS\lib\</path>
         <kind>archive</kind>
         <file>rtsv7M4_T_le_v4SPD16_eabi.lib</file>
         <name>s_frexp.c.obj</name>
      </input_file>
      <input_file id="fl-ec">
         <path>C:\ti\ccs1260\ccs\tools\compiler\ti-cgt-arm_20.2.7.LTS\lib\</path>
         <kind>archive</kind>
         <file>rtsv7M4_T_le_v4SPD16_eabi.lib</file>
         <name>s_scalbn.c.obj</name>
      </input_file>
      <input_file id="fl-ed">
         <path>C:\ti\ccs1260\ccs\tools\compiler\ti-cgt-arm_20.2.7.LTS\lib\</path>
         <kind>archive</kind>
         <file>rtsv7M4_T_le_v4SPD16_eabi.lib</file>
         <name>s_copysign.c.obj</name>
      </input_file>
   </input_file_list>
   <object_component_list>
      <object_component id="oc-12">
         <name>.intvecs</name>
         <load_address>0x0</load_address>
         <run_address>0x0</run_address>
         <size>0x26c</size>
         <input_file_ref idref="fl-3"/>
      </object_component>
      <object_component id="oc-85">
         <name>.text</name>
         <load_address>0x26c</load_address>
         <run_address>0x26c</run_address>
         <size>0x27b0</size>
         <input_file_ref idref="fl-7"/>
      </object_component>
      <object_component id="oc-ab">
         <name>.text</name>
         <load_address>0x2a1c</load_address>
         <run_address>0x2a1c</run_address>
         <size>0x1046</size>
         <input_file_ref idref="fl-6"/>
      </object_component>
      <object_component id="oc-2b1">
         <name>.text</name>
         <load_address>0x3a62</load_address>
         <run_address>0x3a62</run_address>
         <size>0x2</size>
         <input_file_ref idref="fl-da"/>
      </object_component>
      <object_component id="oc-38">
         <name>.text</name>
         <load_address>0x3a64</load_address>
         <run_address>0x3a64</run_address>
         <size>0xe40</size>
         <input_file_ref idref="fl-2"/>
      </object_component>
      <object_component id="oc-28a">
         <name>.text:__TI_printfi</name>
         <load_address>0x48a4</load_address>
         <run_address>0x48a4</run_address>
         <size>0xa4e</size>
         <input_file_ref idref="fl-d9"/>
      </object_component>
      <object_component id="oc-16a">
         <name>.text</name>
         <load_address>0x52f4</load_address>
         <run_address>0x52f4</run_address>
         <size>0x7dc</size>
         <input_file_ref idref="fl-8"/>
      </object_component>
      <object_component id="oc-a5">
         <name>.text</name>
         <load_address>0x5ad0</load_address>
         <run_address>0x5ad0</run_address>
         <size>0x570</size>
         <input_file_ref idref="fl-4"/>
      </object_component>
      <object_component id="oc-32">
         <name>.text</name>
         <load_address>0x6040</load_address>
         <run_address>0x6040</run_address>
         <size>0x2b0</size>
         <input_file_ref idref="fl-9"/>
      </object_component>
      <object_component id="oc-b1">
         <name>.text</name>
         <load_address>0x62f0</load_address>
         <run_address>0x62f0</run_address>
         <size>0x2a4</size>
         <input_file_ref idref="fl-d"/>
      </object_component>
      <object_component id="oc-152">
         <name>.text</name>
         <load_address>0x6594</load_address>
         <run_address>0x6594</run_address>
         <size>0x28c</size>
         <input_file_ref idref="fl-b"/>
      </object_component>
      <object_component id="oc-320">
         <name>.text:_pconv_a</name>
         <load_address>0x6820</load_address>
         <run_address>0x6820</run_address>
         <size>0x270</size>
         <input_file_ref idref="fl-d9"/>
      </object_component>
      <object_component id="oc-30e">
         <name>.text:_pconv_g</name>
         <load_address>0x6a90</load_address>
         <run_address>0x6a90</run_address>
         <size>0x1d0</size>
         <input_file_ref idref="fl-d9"/>
      </object_component>
      <object_component id="oc-c3">
         <name>.text</name>
         <load_address>0x6c60</load_address>
         <run_address>0x6c60</run_address>
         <size>0x1c8</size>
         <input_file_ref idref="fl-f"/>
      </object_component>
      <object_component id="oc-382">
         <name>.text</name>
         <load_address>0x6e28</load_address>
         <run_address>0x6e28</run_address>
         <size>0x1b6</size>
         <input_file_ref idref="fl-db"/>
      </object_component>
      <object_component id="oc-31a">
         <name>.text:_pconv_e</name>
         <load_address>0x6fe0</load_address>
         <run_address>0x6fe0</run_address>
         <size>0x13c</size>
         <input_file_ref idref="fl-d9"/>
      </object_component>
      <object_component id="oc-fd">
         <name>.text</name>
         <load_address>0x711c</load_address>
         <run_address>0x711c</run_address>
         <size>0x136</size>
         <input_file_ref idref="fl-ca"/>
      </object_component>
      <object_component id="oc-158">
         <name>.text</name>
         <load_address>0x7252</load_address>
         <run_address>0x7252</run_address>
         <size>0x12a</size>
         <input_file_ref idref="fl-5"/>
      </object_component>
      <object_component id="oc-394">
         <name>.text:fcvt</name>
         <load_address>0x737c</load_address>
         <run_address>0x737c</run_address>
         <size>0x124</size>
         <input_file_ref idref="fl-d9"/>
      </object_component>
      <object_component id="oc-bd">
         <name>.text</name>
         <load_address>0x74a0</load_address>
         <run_address>0x74a0</run_address>
         <size>0x110</size>
         <input_file_ref idref="fl-c"/>
      </object_component>
      <object_component id="oc-3a8">
         <name>.text:scalbn</name>
         <load_address>0x75b0</load_address>
         <run_address>0x75b0</run_address>
         <size>0x110</size>
         <input_file_ref idref="fl-ec"/>
      </object_component>
      <object_component id="oc-f8">
         <name>.text</name>
         <load_address>0x76c0</load_address>
         <run_address>0x76c0</run_address>
         <size>0xfc</size>
         <input_file_ref idref="fl-cb"/>
      </object_component>
      <object_component id="oc-2d">
         <name>.text</name>
         <load_address>0x77bc</load_address>
         <run_address>0x77bc</run_address>
         <size>0xda</size>
         <input_file_ref idref="fl-a"/>
      </object_component>
      <object_component id="oc-303">
         <name>.text:_ltostr</name>
         <load_address>0x7898</load_address>
         <run_address>0x7898</run_address>
         <size>0xb1</size>
         <input_file_ref idref="fl-d9"/>
      </object_component>
      <object_component id="oc-4c">
         <name>.text</name>
         <load_address>0x794a</load_address>
         <run_address>0x794a</run_address>
         <size>0x9c</size>
         <input_file_ref idref="fl-ce"/>
      </object_component>
      <object_component id="oc-2b6">
         <name>.text</name>
         <load_address>0x79e6</load_address>
         <run_address>0x79e6</run_address>
         <size>0x96</size>
         <input_file_ref idref="fl-d2"/>
      </object_component>
      <object_component id="oc-309">
         <name>.text:__aeabi_cdcmple</name>
         <load_address>0x7a7c</load_address>
         <run_address>0x7a7c</run_address>
         <size>0x86</size>
         <input_file_ref idref="fl-dc"/>
      </object_component>
      <object_component id="oc-372">
         <name>.text:__aeabi_cdrcmple</name>
         <load_address>0x7b02</load_address>
         <run_address>0x7b02</run_address>
         <size>0x86</size>
         <input_file_ref idref="fl-dc"/>
      </object_component>
      <object_component id="oc-130">
         <name>.text</name>
         <load_address>0x7b88</load_address>
         <run_address>0x7b88</run_address>
         <size>0x7a</size>
         <input_file_ref idref="fl-d0"/>
      </object_component>
      <object_component id="oc-38d">
         <name>.text:_mcpy</name>
         <load_address>0x7c02</load_address>
         <run_address>0x7c02</run_address>
         <size>0x6e</size>
         <input_file_ref idref="fl-d9"/>
      </object_component>
      <object_component id="oc-1c3">
         <name>.text</name>
         <load_address>0x7c70</load_address>
         <run_address>0x7c70</run_address>
         <size>0x6e</size>
         <input_file_ref idref="fl-d1"/>
      </object_component>
      <object_component id="oc-15">
         <name>.text:decompress:lzss:__TI_decompress_lzss</name>
         <load_address>0x7cde</load_address>
         <run_address>0x7cde</run_address>
         <size>0x68</size>
         <input_file_ref idref="fl-d5"/>
      </object_component>
      <object_component id="oc-3a2">
         <name>.text:frexp</name>
         <load_address>0x7d48</load_address>
         <run_address>0x7d48</run_address>
         <size>0x64</size>
         <input_file_ref idref="fl-eb"/>
      </object_component>
      <object_component id="oc-314">
         <name>.text:_pconv_f</name>
         <load_address>0x7dac</load_address>
         <run_address>0x7dac</run_address>
         <size>0x56</size>
         <input_file_ref idref="fl-d9"/>
      </object_component>
      <object_component id="oc-b7">
         <name>.text</name>
         <load_address>0x7e04</load_address>
         <run_address>0x7e04</run_address>
         <size>0x54</size>
         <input_file_ref idref="fl-e"/>
      </object_component>
      <object_component id="oc-377">
         <name>.text:__TI_ltoa</name>
         <load_address>0x7e58</load_address>
         <run_address>0x7e58</run_address>
         <size>0x54</size>
         <input_file_ref idref="fl-e3"/>
      </object_component>
      <object_component id="oc-387">
         <name>.text:_ecpy</name>
         <load_address>0x7eac</load_address>
         <run_address>0x7eac</run_address>
         <size>0x52</size>
         <input_file_ref idref="fl-d9"/>
      </object_component>
      <object_component id="oc-2fd">
         <name>.text:atoi</name>
         <load_address>0x7f00</load_address>
         <run_address>0x7f00</run_address>
         <size>0x4c</size>
         <input_file_ref idref="fl-e5"/>
      </object_component>
      <object_component id="oc-102">
         <name>.text</name>
         <load_address>0x7f4c</load_address>
         <run_address>0x7f4c</run_address>
         <size>0x48</size>
         <input_file_ref idref="fl-cc"/>
      </object_component>
      <object_component id="oc-20b">
         <name>.text:__TI_auto_init_nobinit_nopinit:__TI_auto_init_nobinit_nopinit</name>
         <load_address>0x7f94</load_address>
         <run_address>0x7f94</run_address>
         <size>0x44</size>
         <input_file_ref idref="fl-de"/>
      </object_component>
      <object_component id="oc-188">
         <name>.text:sprintf</name>
         <load_address>0x7fd8</load_address>
         <run_address>0x7fd8</run_address>
         <size>0x40</size>
         <input_file_ref idref="fl-c9"/>
      </object_component>
      <object_component id="oc-39a">
         <name>.text:_fcpy</name>
         <load_address>0x8018</load_address>
         <run_address>0x8018</run_address>
         <size>0x3e</size>
         <input_file_ref idref="fl-d9"/>
      </object_component>
      <object_component id="oc-6a">
         <name>.text:_c_int00_noargs:_c_int00_noargs</name>
         <load_address>0x8058</load_address>
         <run_address>0x8058</run_address>
         <size>0x34</size>
         <input_file_ref idref="fl-d8"/>
      </object_component>
      <object_component id="oc-37d">
         <name>.text</name>
         <load_address>0x808c</load_address>
         <run_address>0x808c</run_address>
         <size>0x2e</size>
         <input_file_ref idref="fl-dd"/>
      </object_component>
      <object_component id="oc-f3">
         <name>.text</name>
         <load_address>0x80ba</load_address>
         <run_address>0x80ba</run_address>
         <size>0x20</size>
         <input_file_ref idref="fl-cf"/>
      </object_component>
      <object_component id="oc-326">
         <name>.text:memccpy</name>
         <load_address>0x80da</load_address>
         <run_address>0x80da</run_address>
         <size>0x1c</size>
         <input_file_ref idref="fl-e7"/>
      </object_component>
      <object_component id="oc-3f8">
         <name>.text:copysign</name>
         <load_address>0x80f6</load_address>
         <run_address>0x80f6</run_address>
         <size>0x1a</size>
         <input_file_ref idref="fl-ed"/>
      </object_component>
      <object_component id="oc-290">
         <name>.text:_outs</name>
         <load_address>0x8110</load_address>
         <run_address>0x8110</run_address>
         <size>0x18</size>
         <input_file_ref idref="fl-c9"/>
      </object_component>
      <object_component id="oc-a0">
         <name>.text</name>
         <load_address>0x8128</load_address>
         <run_address>0x8128</run_address>
         <size>0x18</size>
         <input_file_ref idref="fl-cd"/>
      </object_component>
      <object_component id="oc-3ae">
         <name>.text:strchr</name>
         <load_address>0x8140</load_address>
         <run_address>0x8140</run_address>
         <size>0x16</size>
         <input_file_ref idref="fl-e8"/>
      </object_component>
      <object_component id="oc-17c">
         <name>.text:strcpy</name>
         <load_address>0x8156</load_address>
         <run_address>0x8156</run_address>
         <size>0x14</size>
         <input_file_ref idref="fl-d6"/>
      </object_component>
      <object_component id="oc-182">
         <name>.text:strlen</name>
         <load_address>0x816a</load_address>
         <run_address>0x816a</run_address>
         <size>0x14</size>
         <input_file_ref idref="fl-d7"/>
      </object_component>
      <object_component id="oc-32c">
         <name>.text:wcslen</name>
         <load_address>0x817e</load_address>
         <run_address>0x817e</run_address>
         <size>0x12</size>
         <input_file_ref idref="fl-ea"/>
      </object_component>
      <object_component id="oc-1b">
         <name>.text:decompress:none:__TI_decompress_none</name>
         <load_address>0x8190</load_address>
         <run_address>0x8190</run_address>
         <size>0xe</size>
         <input_file_ref idref="fl-d4"/>
      </object_component>
      <object_component id="oc-5e">
         <name>.text:decompress:ZI:__TI_zero_init</name>
         <load_address>0x819e</load_address>
         <run_address>0x819e</run_address>
         <size>0xc</size>
         <input_file_ref idref="fl-d3"/>
      </object_component>
      <object_component id="oc-27">
         <name>.text</name>
         <load_address>0x81aa</load_address>
         <run_address>0x81aa</run_address>
         <size>0xc</size>
         <input_file_ref idref="fl-3"/>
      </object_component>
      <object_component id="oc-296">
         <name>.text:_outc</name>
         <load_address>0x81b6</load_address>
         <run_address>0x81b6</run_address>
         <size>0xa</size>
         <input_file_ref idref="fl-c9"/>
      </object_component>
      <object_component id="oc-332">
         <name>.text:__aeabi_errno_addr</name>
         <load_address>0x81c0</load_address>
         <run_address>0x81c0</run_address>
         <size>0x8</size>
         <input_file_ref idref="fl-e9"/>
      </object_component>
      <object_component id="oc-136">
         <name>.text:_system_pre_init</name>
         <load_address>0x81c8</load_address>
         <run_address>0x81c8</run_address>
         <size>0x4</size>
         <input_file_ref idref="fl-df"/>
      </object_component>
      <object_component id="oc-1ff">
         <name>.text:abort:abort</name>
         <load_address>0x81cc</load_address>
         <run_address>0x81cc</run_address>
         <size>0x4</size>
         <input_file_ref idref="fl-e1"/>
      </object_component>
      <object_component id="oc-36b">
         <name>.const:.string:_ctypes_</name>
         <load_address>0x81d0</load_address>
         <run_address>0x81d0</run_address>
         <size>0x101</size>
         <input_file_ref idref="fl-e6"/>
      </object_component>
      <object_component id="oc-1db">
         <name>.const:.string</name>
         <load_address>0x82d4</load_address>
         <run_address>0x82d4</run_address>
         <size>0xa</size>
         <input_file_ref idref="fl-2"/>
      </object_component>
      <object_component id="oc-82">
         <name>.const</name>
         <load_address>0x82e0</load_address>
         <run_address>0x82e0</run_address>
         <size>0x8</size>
         <input_file_ref idref="fl-9"/>
      </object_component>
      <object_component id="oc-173">
         <name>.const</name>
         <load_address>0x82e8</load_address>
         <run_address>0x82e8</run_address>
         <size>0x4</size>
         <input_file_ref idref="fl-7"/>
      </object_component>
      <object_component id="oc-44f">
         <name>.cinit..data.load</name>
         <load_address>0x82f0</load_address>
         <run_address>0x82f0</run_address>
         <size>0x29</size>
      </object_component>
      <object_component id="oc-44d">
         <name>__TI_handler_table</name>
         <load_address>0x831c</load_address>
         <run_address>0x831c</run_address>
         <size>0xc</size>
      </object_component>
      <object_component id="oc-450">
         <name>.cinit..bss.load</name>
         <load_address>0x8328</load_address>
         <run_address>0x8328</run_address>
         <size>0x8</size>
      </object_component>
      <object_component id="oc-44e">
         <name>__TI_cinit_table</name>
         <load_address>0x8330</load_address>
         <run_address>0x8330</run_address>
         <size>0x10</size>
      </object_component>
      <object_component id="oc-e0">
         <name>.data:Driver_Seat_Info</name>
         <load_address>0x20003540</load_address>
         <run_address>0x20003540</run_address>
         <size>0x5</size>
         <input_file_ref idref="fl-2"/>
      </object_component>
      <object_component id="oc-e3">
         <name>.data:Passenger_Seat_Info</name>
         <load_address>0x20003545</load_address>
         <run_address>0x20003545</run_address>
         <size>0x5</size>
         <input_file_ref idref="fl-2"/>
      </object_component>
      <object_component id="oc-e6">
         <name>.data:Driver_Error</name>
         <load_address>0x200034fc</load_address>
         <run_address>0x200034fc</run_address>
         <size>0xc</size>
         <input_file_ref idref="fl-2"/>
      </object_component>
      <object_component id="oc-ec">
         <name>.data:Passenger_Error</name>
         <load_address>0x20003508</load_address>
         <run_address>0x20003508</run_address>
         <size>0xc</size>
         <input_file_ref idref="fl-2"/>
      </object_component>
      <object_component id="oc-dd">
         <name>.data</name>
         <load_address>0x2000352c</load_address>
         <run_address>0x2000352c</run_address>
         <size>0xa</size>
         <input_file_ref idref="fl-2"/>
      </object_component>
      <object_component id="oc-7f">
         <name>.data</name>
         <load_address>0x200034c0</load_address>
         <run_address>0x200034c0</run_address>
         <size>0x3c</size>
         <input_file_ref idref="fl-7"/>
      </object_component>
      <object_component id="oc-266">
         <name>.data</name>
         <load_address>0x20003520</load_address>
         <run_address>0x20003520</run_address>
         <size>0xc</size>
         <input_file_ref idref="fl-8"/>
      </object_component>
      <object_component id="oc-8c">
         <name>.data</name>
         <load_address>0x20003514</load_address>
         <run_address>0x20003514</run_address>
         <size>0xc</size>
         <input_file_ref idref="fl-9"/>
      </object_component>
      <object_component id="oc-24e">
         <name>.data</name>
         <load_address>0x20003538</load_address>
         <run_address>0x20003538</run_address>
         <size>0x8</size>
         <input_file_ref idref="fl-b"/>
      </object_component>
      <object_component id="oc-3be">
         <name>.data</name>
         <load_address>0x2000354c</load_address>
         <run_address>0x2000354c</run_address>
         <size>0x4</size>
         <input_file_ref idref="fl-e9"/>
      </object_component>
      <object_component id="oc-108">
         <name>.bss:runTimeStatsBuff$3</name>
         <uninitialized>true</uninitialized>
         <run_address>0x20003000</run_address>
         <size>0x154</size>
         <input_file_ref idref="fl-2"/>
      </object_component>
      <object_component id="oc-15e">
         <name>.bss:pxReadyTasksLists</name>
         <uninitialized>true</uninitialized>
         <run_address>0x20003154</run_address>
         <size>0x64</size>
         <input_file_ref idref="fl-7"/>
      </object_component>
      <object_component id="oc-176">
         <name>.bss:xDelayedTaskList1</name>
         <uninitialized>true</uninitialized>
         <run_address>0x200031e0</run_address>
         <size>0x14</size>
         <input_file_ref idref="fl-7"/>
      </object_component>
      <object_component id="oc-179">
         <name>.bss:xDelayedTaskList2</name>
         <uninitialized>true</uninitialized>
         <run_address>0x200031f4</run_address>
         <size>0x14</size>
         <input_file_ref idref="fl-7"/>
      </object_component>
      <object_component id="oc-164">
         <name>.bss</name>
         <uninitialized>true</uninitialized>
         <run_address>0x20003244</run_address>
         <size>0x8</size>
         <input_file_ref idref="fl-7"/>
      </object_component>
      <object_component id="oc-170">
         <name>.bss:xPendingReadyList</name>
         <uninitialized>true</uninitialized>
         <run_address>0x20003208</run_address>
         <size>0x14</size>
         <input_file_ref idref="fl-7"/>
      </object_component>
      <object_component id="oc-161">
         <name>.bss:xTasksWaitingTermination</name>
         <uninitialized>true</uninitialized>
         <run_address>0x20003230</run_address>
         <size>0x14</size>
         <input_file_ref idref="fl-7"/>
      </object_component>
      <object_component id="oc-167">
         <name>.bss:xSuspendedTaskList</name>
         <uninitialized>true</uninitialized>
         <run_address>0x2000321c</run_address>
         <size>0x14</size>
         <input_file_ref idref="fl-7"/>
      </object_component>
      <object_component id="oc-26c">
         <name>.bss:xActiveTimerList1</name>
         <uninitialized>true</uninitialized>
         <run_address>0x200031b8</run_address>
         <size>0x14</size>
         <input_file_ref idref="fl-8"/>
      </object_component>
      <object_component id="oc-26f">
         <name>.bss:xActiveTimerList2</name>
         <uninitialized>true</uninitialized>
         <run_address>0x200031cc</run_address>
         <size>0x14</size>
         <input_file_ref idref="fl-8"/>
      </object_component>
      <object_component id="oc-269">
         <name>.bss</name>
         <uninitialized>true</uninitialized>
         <run_address>0x2000324c</run_address>
         <size>0x8</size>
         <input_file_ref idref="fl-8"/>
      </object_component>
      <object_component id="oc-257">
         <name>.bss:ucHeap</name>
         <uninitialized>true</uninitialized>
         <run_address>0x20000000</run_address>
         <size>0x3000</size>
         <input_file_ref idref="fl-b"/>
      </object_component>
      <object_component id="oc-251">
         <name>.bss:xStart</name>
         <uninitialized>true</uninitialized>
         <run_address>0x2000325c</run_address>
         <size>0x8</size>
         <input_file_ref idref="fl-b"/>
      </object_component>
      <object_component id="oc-254">
         <name>.bss:xEnd</name>
         <uninitialized>true</uninitialized>
         <run_address>0x20003254</run_address>
         <size>0x8</size>
         <input_file_ref idref="fl-b"/>
      </object_component>
      <object_component id="oc-f2">
         <name>.common:DriverTemperature</name>
         <uninitialized>true</uninitialized>
         <run_address>0x200032b4</run_address>
         <size>0x1</size>
      </object_component>
      <object_component id="oc-107">
         <name>.common:PassengerTemperature</name>
         <uninitialized>true</uninitialized>
         <run_address>0x200032b7</run_address>
         <size>0x1</size>
      </object_component>
      <object_component id="oc-d1">
         <name>.common:xButtonTaskTaskHandle</name>
         <uninitialized>true</uninitialized>
         <run_address>0x2000326c</run_address>
         <size>0x4</size>
      </object_component>
      <object_component id="oc-d2">
         <name>.common:xDriverHeaterTaskHandle</name>
         <uninitialized>true</uninitialized>
         <run_address>0x2000327c</run_address>
         <size>0x4</size>
      </object_component>
      <object_component id="oc-d4">
         <name>.common:xDriverHeaterHandlerTaskHandle</name>
         <uninitialized>true</uninitialized>
         <run_address>0x20003278</run_address>
         <size>0x4</size>
      </object_component>
      <object_component id="oc-d3">
         <name>.common:xPassengerHeaterTaskHandle</name>
         <uninitialized>true</uninitialized>
         <run_address>0x20003290</run_address>
         <size>0x4</size>
      </object_component>
      <object_component id="oc-d5">
         <name>.common:xPassengerHeaterHandlerTaskHandle</name>
         <uninitialized>true</uninitialized>
         <run_address>0x2000328c</run_address>
         <size>0x4</size>
      </object_component>
      <object_component id="oc-d9">
         <name>.common:xDriverTempTaskHandle</name>
         <uninitialized>true</uninitialized>
         <run_address>0x20003284</run_address>
         <size>0x4</size>
      </object_component>
      <object_component id="oc-da">
         <name>.common:xPassengerTempTaskHandle</name>
         <uninitialized>true</uninitialized>
         <run_address>0x20003298</run_address>
         <size>0x4</size>
      </object_component>
      <object_component id="oc-db">
         <name>.common:xScreenTaskHandle</name>
         <uninitialized>true</uninitialized>
         <run_address>0x200032a8</run_address>
         <size>0x4</size>
      </object_component>
      <object_component id="oc-dc">
         <name>.common:xRunTimeAnalysisTaskHandle</name>
         <uninitialized>true</uninitialized>
         <run_address>0x200032a4</run_address>
         <size>0x4</size>
      </object_component>
      <object_component id="oc-d6">
         <name>.common:xButtonsEventGroup</name>
         <uninitialized>true</uninitialized>
         <run_address>0x20003270</run_address>
         <size>0x4</size>
      </object_component>
      <object_component id="oc-c9">
         <name>.common:xUpdateScreenEventGroup</name>
         <uninitialized>true</uninitialized>
         <run_address>0x200032b0</run_address>
         <size>0x4</size>
      </object_component>
      <object_component id="oc-cc">
         <name>.common:xDriverBinarySemaphore</name>
         <uninitialized>true</uninitialized>
         <run_address>0x20003274</run_address>
         <size>0x4</size>
      </object_component>
      <object_component id="oc-cd">
         <name>.common:xPassengerBinarySemaphore</name>
         <uninitialized>true</uninitialized>
         <run_address>0x20003288</run_address>
         <size>0x4</size>
      </object_component>
      <object_component id="oc-ce">
         <name>.common:xUARTMutex</name>
         <uninitialized>true</uninitialized>
         <run_address>0x200032ac</run_address>
         <size>0x4</size>
      </object_component>
      <object_component id="oc-d7">
         <name>.common:xDriverStructMutex</name>
         <uninitialized>true</uninitialized>
         <run_address>0x20003280</run_address>
         <size>0x4</size>
      </object_component>
      <object_component id="oc-d8">
         <name>.common:xPassengerStructMutex</name>
         <uninitialized>true</uninitialized>
         <run_address>0x20003294</run_address>
         <size>0x4</size>
      </object_component>
      <object_component id="oc-cf">
         <name>.common:xQueueDriverTemperature</name>
         <uninitialized>true</uninitialized>
         <run_address>0x2000329c</run_address>
         <size>0x4</size>
      </object_component>
      <object_component id="oc-d0">
         <name>.common:xQueuePassengerTemperature</name>
         <uninitialized>true</uninitialized>
         <run_address>0x200032a0</run_address>
         <size>0x4</size>
      </object_component>
      <object_component id="oc-ef">
         <name>.common:Driver_Seat_CurrentTemp</name>
         <uninitialized>true</uninitialized>
         <run_address>0x200032b5</run_address>
         <size>0x1</size>
      </object_component>
      <object_component id="oc-f0">
         <name>.common:Driver_Seat_DesiredTemp</name>
         <uninitialized>true</uninitialized>
         <run_address>0x200032b6</run_address>
         <size>0x1</size>
      </object_component>
      <object_component id="oc-e9">
         <name>.common:Driver_Seat_HeaterState</name>
         <uninitialized>true</uninitialized>
         <run_address>0x20003264</run_address>
         <size>0x4</size>
      </object_component>
      <object_component id="oc-ea">
         <name>.common:Passenger_Seat_CurrentTemp</name>
         <uninitialized>true</uninitialized>
         <run_address>0x200032b8</run_address>
         <size>0x1</size>
      </object_component>
      <object_component id="oc-f1">
         <name>.common:Passenger_Seat_DesiredTemp</name>
         <uninitialized>true</uninitialized>
         <run_address>0x200032b9</run_address>
         <size>0x1</size>
      </object_component>
      <object_component id="oc-eb">
         <name>.common:Passenger_Seat_HeaterState</name>
         <uninitialized>true</uninitialized>
         <run_address>0x20003268</run_address>
         <size>0x4</size>
      </object_component>
      <object_component id="oc-24">
         <name>.stack</name>
         <uninitialized>true</uninitialized>
         <run_address>0x200032c0</run_address>
         <size>0x4</size>
         <input_file_ref idref="fl-d8"/>
      </object_component>
      <object_component id="oc-452">
         <name>.stack</name>
         <uninitialized>true</uninitialized>
         <run_address>0x200032c0</run_address>
         <size>0x0</size>
      </object_component>
      <object_component id="oc-ca">
         <name>.debug_info</name>
         <load_address>0x0</load_address>
         <run_address>0x0</run_address>
         <size>0x1330</size>
         <input_file_ref idref="fl-2"/>
      </object_component>
      <object_component id="oc-e1">
         <name>.debug_info</name>
         <load_address>0x1330</load_address>
         <run_address>0x1330</run_address>
         <size>0xe3</size>
         <input_file_ref idref="fl-2"/>
      </object_component>
      <object_component id="oc-e4">
         <name>.debug_info</name>
         <load_address>0x1413</load_address>
         <run_address>0x1413</run_address>
         <size>0xe9</size>
         <input_file_ref idref="fl-2"/>
      </object_component>
      <object_component id="oc-e7">
         <name>.debug_info</name>
         <load_address>0x14fc</load_address>
         <run_address>0x14fc</run_address>
         <size>0xdb</size>
         <input_file_ref idref="fl-2"/>
      </object_component>
      <object_component id="oc-ed">
         <name>.debug_info</name>
         <load_address>0x15d7</load_address>
         <run_address>0x15d7</run_address>
         <size>0xe1</size>
         <input_file_ref idref="fl-2"/>
      </object_component>
      <object_component id="oc-de">
         <name>.debug_info</name>
         <load_address>0x16b8</load_address>
         <run_address>0x16b8</run_address>
         <size>0x13a</size>
         <input_file_ref idref="fl-2"/>
      </object_component>
      <object_component id="oc-3b">
         <name>.debug_info</name>
         <load_address>0x17f2</load_address>
         <run_address>0x17f2</run_address>
         <size>0x19cd</size>
         <input_file_ref idref="fl-2"/>
      </object_component>
      <object_component id="oc-19d">
         <name>.debug_info</name>
         <load_address>0x31bf</load_address>
         <run_address>0x31bf</run_address>
         <size>0x315</size>
         <input_file_ref idref="fl-2"/>
      </object_component>
      <object_component id="oc-1e0">
         <name>.debug_info</name>
         <load_address>0x34d4</load_address>
         <run_address>0x34d4</run_address>
         <size>0xed</size>
         <input_file_ref idref="fl-2"/>
      </object_component>
      <object_component id="oc-116">
         <name>.debug_info</name>
         <load_address>0x35c1</load_address>
         <run_address>0x35c1</run_address>
         <size>0x26b</size>
         <input_file_ref idref="fl-2"/>
      </object_component>
      <object_component id="oc-1a7">
         <name>.debug_info</name>
         <load_address>0x382c</load_address>
         <run_address>0x382c</run_address>
         <size>0x48b</size>
         <input_file_ref idref="fl-2"/>
      </object_component>
      <object_component id="oc-10a">
         <name>.debug_info</name>
         <load_address>0x3cb7</load_address>
         <run_address>0x3cb7</run_address>
         <size>0x42</size>
         <input_file_ref idref="fl-2"/>
      </object_component>
      <object_component id="oc-1cc">
         <name>.debug_info</name>
         <load_address>0x3cf9</load_address>
         <run_address>0x3cf9</run_address>
         <size>0x4f</size>
         <input_file_ref idref="fl-2"/>
      </object_component>
      <object_component id="oc-1d6">
         <name>.debug_info</name>
         <load_address>0x3d48</load_address>
         <run_address>0x3d48</run_address>
         <size>0x2c</size>
         <input_file_ref idref="fl-2"/>
      </object_component>
      <object_component id="oc-47">
         <name>.debug_info</name>
         <load_address>0x3d74</load_address>
         <run_address>0x3d74</run_address>
         <size>0x84</size>
         <input_file_ref idref="fl-2"/>
      </object_component>
      <object_component id="oc-91">
         <name>.debug_info</name>
         <load_address>0x3df8</load_address>
         <run_address>0x3df8</run_address>
         <size>0x2c</size>
         <input_file_ref idref="fl-2"/>
      </object_component>
      <object_component id="oc-1d1">
         <name>.debug_info</name>
         <load_address>0x3e24</load_address>
         <run_address>0x3e24</run_address>
         <size>0x4f</size>
         <input_file_ref idref="fl-2"/>
      </object_component>
      <object_component id="oc-1ac">
         <name>.debug_info</name>
         <load_address>0x3e73</load_address>
         <run_address>0x3e73</run_address>
         <size>0x2a4</size>
         <input_file_ref idref="fl-2"/>
      </object_component>
      <object_component id="oc-9b">
         <name>.debug_info</name>
         <load_address>0x4117</load_address>
         <run_address>0x4117</run_address>
         <size>0xbb</size>
         <input_file_ref idref="fl-2"/>
      </object_component>
      <object_component id="oc-10f">
         <name>.debug_info</name>
         <load_address>0x41d2</load_address>
         <run_address>0x41d2</run_address>
         <size>0xae</size>
         <input_file_ref idref="fl-2"/>
      </object_component>
      <object_component id="oc-198">
         <name>.debug_info</name>
         <load_address>0x4280</load_address>
         <run_address>0x4280</run_address>
         <size>0x53</size>
         <input_file_ref idref="fl-2"/>
      </object_component>
      <object_component id="oc-96">
         <name>.debug_info</name>
         <load_address>0x42d3</load_address>
         <run_address>0x42d3</run_address>
         <size>0x53</size>
         <input_file_ref idref="fl-2"/>
      </object_component>
      <object_component id="oc-1a2">
         <name>.debug_info</name>
         <load_address>0x4326</load_address>
         <run_address>0x4326</run_address>
         <size>0x14c</size>
         <input_file_ref idref="fl-2"/>
      </object_component>
      <object_component id="oc-40">
         <name>.debug_info</name>
         <load_address>0x4472</load_address>
         <run_address>0x4472</run_address>
         <size>0x3a6</size>
         <input_file_ref idref="fl-3"/>
      </object_component>
      <object_component id="oc-13">
         <name>.debug_info</name>
         <load_address>0x4818</load_address>
         <run_address>0x4818</run_address>
         <size>0xef</size>
         <input_file_ref idref="fl-3"/>
      </object_component>
      <object_component id="oc-28">
         <name>.debug_info</name>
         <load_address>0x4907</load_address>
         <run_address>0x4907</run_address>
         <size>0x26b</size>
         <input_file_ref idref="fl-3"/>
      </object_component>
      <object_component id="oc-1b8">
         <name>.debug_info</name>
         <load_address>0x4b72</load_address>
         <run_address>0x4b72</run_address>
         <size>0x6f0</size>
         <input_file_ref idref="fl-4"/>
      </object_component>
      <object_component id="oc-a8">
         <name>.debug_info</name>
         <load_address>0x5262</load_address>
         <run_address>0x5262</run_address>
         <size>0x18fa</size>
         <input_file_ref idref="fl-4"/>
      </object_component>
      <object_component id="oc-18f">
         <name>.debug_info</name>
         <load_address>0x6b5c</load_address>
         <run_address>0x6b5c</run_address>
         <size>0x110</size>
         <input_file_ref idref="fl-4"/>
      </object_component>
      <object_component id="oc-249">
         <name>.debug_info</name>
         <load_address>0x6c6c</load_address>
         <run_address>0x6c6c</run_address>
         <size>0x48b</size>
         <input_file_ref idref="fl-4"/>
      </object_component>
      <object_component id="oc-2a5">
         <name>.debug_info</name>
         <load_address>0x70f7</load_address>
         <run_address>0x70f7</run_address>
         <size>0x76</size>
         <input_file_ref idref="fl-4"/>
      </object_component>
      <object_component id="oc-1b3">
         <name>.debug_info</name>
         <load_address>0x716d</load_address>
         <run_address>0x716d</run_address>
         <size>0x39</size>
         <input_file_ref idref="fl-4"/>
      </object_component>
      <object_component id="oc-25d">
         <name>.debug_info</name>
         <load_address>0x71a6</load_address>
         <run_address>0x71a6</run_address>
         <size>0x388</size>
         <input_file_ref idref="fl-5"/>
      </object_component>
      <object_component id="oc-159">
         <name>.debug_info</name>
         <load_address>0x752e</load_address>
         <run_address>0x752e</run_address>
         <size>0x4f8</size>
         <input_file_ref idref="fl-5"/>
      </object_component>
      <object_component id="oc-1bf">
         <name>.debug_info</name>
         <load_address>0x7a26</load_address>
         <run_address>0x7a26</run_address>
         <size>0x8ee</size>
         <input_file_ref idref="fl-6"/>
      </object_component>
      <object_component id="oc-ad">
         <name>.debug_info</name>
         <load_address>0x8314</load_address>
         <run_address>0x8314</run_address>
         <size>0x3444</size>
         <input_file_ref idref="fl-6"/>
      </object_component>
      <object_component id="oc-2ac">
         <name>.debug_info</name>
         <load_address>0xb758</load_address>
         <run_address>0xb758</run_address>
         <size>0x1ef</size>
         <input_file_ref idref="fl-6"/>
      </object_component>
      <object_component id="oc-1ba">
         <name>.debug_info</name>
         <load_address>0xb947</load_address>
         <run_address>0xb947</run_address>
         <size>0x46</size>
         <input_file_ref idref="fl-6"/>
      </object_component>
      <object_component id="oc-23f">
         <name>.debug_info</name>
         <load_address>0xb98d</load_address>
         <run_address>0xb98d</run_address>
         <size>0x35</size>
         <input_file_ref idref="fl-6"/>
      </object_component>
      <object_component id="oc-14a">
         <name>.debug_info</name>
         <load_address>0xb9c2</load_address>
         <run_address>0xb9c2</run_address>
         <size>0x8d7</size>
         <input_file_ref idref="fl-7"/>
      </object_component>
      <object_component id="oc-80">
         <name>.debug_info</name>
         <load_address>0xc299</load_address>
         <run_address>0xc299</run_address>
         <size>0x3b3</size>
         <input_file_ref idref="fl-7"/>
      </object_component>
      <object_component id="oc-15f">
         <name>.debug_info</name>
         <load_address>0xc64c</load_address>
         <run_address>0xc64c</run_address>
         <size>0xf6</size>
         <input_file_ref idref="fl-7"/>
      </object_component>
      <object_component id="oc-177">
         <name>.debug_info</name>
         <load_address>0xc742</load_address>
         <run_address>0xc742</run_address>
         <size>0xf6</size>
         <input_file_ref idref="fl-7"/>
      </object_component>
      <object_component id="oc-17a">
         <name>.debug_info</name>
         <load_address>0xc838</load_address>
         <run_address>0xc838</run_address>
         <size>0xf6</size>
         <input_file_ref idref="fl-7"/>
      </object_component>
      <object_component id="oc-165">
         <name>.debug_info</name>
         <load_address>0xc92e</load_address>
         <run_address>0xc92e</run_address>
         <size>0x139</size>
         <input_file_ref idref="fl-7"/>
      </object_component>
      <object_component id="oc-171">
         <name>.debug_info</name>
         <load_address>0xca67</load_address>
         <run_address>0xca67</run_address>
         <size>0xf6</size>
         <input_file_ref idref="fl-7"/>
      </object_component>
      <object_component id="oc-162">
         <name>.debug_info</name>
         <load_address>0xcb5d</load_address>
         <run_address>0xcb5d</run_address>
         <size>0x104</size>
         <input_file_ref idref="fl-7"/>
      </object_component>
      <object_component id="oc-168">
         <name>.debug_info</name>
         <load_address>0xcc61</load_address>
         <run_address>0xcc61</run_address>
         <size>0xf8</size>
         <input_file_ref idref="fl-7"/>
      </object_component>
      <object_component id="oc-174">
         <name>.debug_info</name>
         <load_address>0xcd59</load_address>
         <run_address>0xcd59</run_address>
         <size>0xf7</size>
         <input_file_ref idref="fl-7"/>
      </object_component>
      <object_component id="oc-87">
         <name>.debug_info</name>
         <load_address>0xce50</load_address>
         <run_address>0xce50</run_address>
         <size>0x5bc2</size>
         <input_file_ref idref="fl-7"/>
      </object_component>
      <object_component id="oc-14b">
         <name>.debug_info</name>
         <load_address>0x12a12</load_address>
         <run_address>0x12a12</run_address>
         <size>0x30c</size>
         <input_file_ref idref="fl-7"/>
      </object_component>
      <object_component id="oc-29e">
         <name>.debug_info</name>
         <load_address>0x12d1e</load_address>
         <run_address>0x12d1e</run_address>
         <size>0x2c</size>
         <input_file_ref idref="fl-7"/>
      </object_component>
      <object_component id="oc-244">
         <name>.debug_info</name>
         <load_address>0x12d4a</load_address>
         <run_address>0x12d4a</run_address>
         <size>0x16f</size>
         <input_file_ref idref="fl-7"/>
      </object_component>
      <object_component id="oc-278">
         <name>.debug_info</name>
         <load_address>0x12eb9</load_address>
         <run_address>0x12eb9</run_address>
         <size>0x839</size>
         <input_file_ref idref="fl-8"/>
      </object_component>
      <object_component id="oc-26d">
         <name>.debug_info</name>
         <load_address>0x136f2</load_address>
         <run_address>0x136f2</run_address>
         <size>0xf6</size>
         <input_file_ref idref="fl-8"/>
      </object_component>
      <object_component id="oc-270">
         <name>.debug_info</name>
         <load_address>0x137e8</load_address>
         <run_address>0x137e8</run_address>
         <size>0xf6</size>
         <input_file_ref idref="fl-8"/>
      </object_component>
      <object_component id="oc-26a">
         <name>.debug_info</name>
         <load_address>0x138de</load_address>
         <run_address>0x138de</run_address>
         <size>0x12e</size>
         <input_file_ref idref="fl-8"/>
      </object_component>
      <object_component id="oc-267">
         <name>.debug_info</name>
         <load_address>0x13a0c</load_address>
         <run_address>0x13a0c</run_address>
         <size>0x11a</size>
         <input_file_ref idref="fl-8"/>
      </object_component>
      <object_component id="oc-16b">
         <name>.debug_info</name>
         <load_address>0x13b26</load_address>
         <run_address>0x13b26</run_address>
         <size>0x2558</size>
         <input_file_ref idref="fl-8"/>
      </object_component>
      <object_component id="oc-279">
         <name>.debug_info</name>
         <load_address>0x1607e</load_address>
         <run_address>0x1607e</run_address>
         <size>0x1e2</size>
         <input_file_ref idref="fl-8"/>
      </object_component>
      <object_component id="oc-273">
         <name>.debug_info</name>
         <load_address>0x16260</load_address>
         <run_address>0x16260</run_address>
         <size>0x46</size>
         <input_file_ref idref="fl-8"/>
      </object_component>
      <object_component id="oc-90">
         <name>.debug_info</name>
         <load_address>0x162a6</load_address>
         <run_address>0x162a6</run_address>
         <size>0x46f</size>
         <input_file_ref idref="fl-9"/>
      </object_component>
      <object_component id="oc-83">
         <name>.debug_info</name>
         <load_address>0x16715</load_address>
         <run_address>0x16715</run_address>
         <size>0x16b</size>
         <input_file_ref idref="fl-9"/>
      </object_component>
      <object_component id="oc-8d">
         <name>.debug_info</name>
         <load_address>0x16880</load_address>
         <run_address>0x16880</run_address>
         <size>0x176</size>
         <input_file_ref idref="fl-9"/>
      </object_component>
      <object_component id="oc-33">
         <name>.debug_info</name>
         <load_address>0x169f6</load_address>
         <run_address>0x169f6</run_address>
         <size>0x902</size>
         <input_file_ref idref="fl-9"/>
      </object_component>
      <object_component id="oc-2e">
         <name>.debug_info</name>
         <load_address>0x172f8</load_address>
         <run_address>0x172f8</run_address>
         <size>0x258</size>
         <input_file_ref idref="fl-a"/>
      </object_component>
      <object_component id="oc-25b">
         <name>.debug_info</name>
         <load_address>0x17550</load_address>
         <run_address>0x17550</run_address>
         <size>0x45f</size>
         <input_file_ref idref="fl-b"/>
      </object_component>
      <object_component id="oc-258">
         <name>.debug_info</name>
         <load_address>0x179af</load_address>
         <run_address>0x179af</run_address>
         <size>0xf1</size>
         <input_file_ref idref="fl-b"/>
      </object_component>
      <object_component id="oc-252">
         <name>.debug_info</name>
         <load_address>0x17aa0</load_address>
         <run_address>0x17aa0</run_address>
         <size>0xf1</size>
         <input_file_ref idref="fl-b"/>
      </object_component>
      <object_component id="oc-255">
         <name>.debug_info</name>
         <load_address>0x17b91</load_address>
         <run_address>0x17b91</run_address>
         <size>0xed</size>
         <input_file_ref idref="fl-b"/>
      </object_component>
      <object_component id="oc-24f">
         <name>.debug_info</name>
         <load_address>0x17c7e</load_address>
         <run_address>0x17c7e</run_address>
         <size>0x10b</size>
         <input_file_ref idref="fl-b"/>
      </object_component>
      <object_component id="oc-154">
         <name>.debug_info</name>
         <load_address>0x17d89</load_address>
         <run_address>0x17d89</run_address>
         <size>0x82f</size>
         <input_file_ref idref="fl-b"/>
      </object_component>
      <object_component id="oc-2e2">
         <name>.debug_info</name>
         <load_address>0x185b8</load_address>
         <run_address>0x185b8</run_address>
         <size>0x62</size>
         <input_file_ref idref="fl-b"/>
      </object_component>
      <object_component id="oc-be">
         <name>.debug_info</name>
         <load_address>0x1861a</load_address>
         <run_address>0x1861a</run_address>
         <size>0x113</size>
         <input_file_ref idref="fl-c"/>
      </object_component>
      <object_component id="oc-b2">
         <name>.debug_info</name>
         <load_address>0x1872d</load_address>
         <run_address>0x1872d</run_address>
         <size>0xaad</size>
         <input_file_ref idref="fl-d"/>
      </object_component>
      <object_component id="oc-b8">
         <name>.debug_info</name>
         <load_address>0x191da</load_address>
         <run_address>0x191da</run_address>
         <size>0x196</size>
         <input_file_ref idref="fl-e"/>
      </object_component>
      <object_component id="oc-1c9">
         <name>.debug_info</name>
         <load_address>0x19370</load_address>
         <run_address>0x19370</run_address>
         <size>0x270</size>
         <input_file_ref idref="fl-f"/>
      </object_component>
      <object_component id="oc-c5">
         <name>.debug_info</name>
         <load_address>0x195e0</load_address>
         <run_address>0x195e0</run_address>
         <size>0x470</size>
         <input_file_ref idref="fl-f"/>
      </object_component>
      <object_component id="oc-29d">
         <name>.debug_info</name>
         <load_address>0x19a50</load_address>
         <run_address>0x19a50</run_address>
         <size>0x333</size>
         <input_file_ref idref="fl-c9"/>
      </object_component>
      <object_component id="oc-189">
         <name>.debug_info</name>
         <load_address>0x19d83</load_address>
         <run_address>0x19d83</run_address>
         <size>0x1d1</size>
         <input_file_ref idref="fl-c9"/>
      </object_component>
      <object_component id="oc-292">
         <name>.debug_info</name>
         <load_address>0x19f54</load_address>
         <run_address>0x19f54</run_address>
         <size>0x18d</size>
         <input_file_ref idref="fl-c9"/>
      </object_component>
      <object_component id="oc-297">
         <name>.debug_info</name>
         <load_address>0x1a0e1</load_address>
         <run_address>0x1a0e1</run_address>
         <size>0x16d</size>
         <input_file_ref idref="fl-c9"/>
      </object_component>
      <object_component id="oc-3c5">
         <name>.debug_info</name>
         <load_address>0x1a24e</load_address>
         <run_address>0x1a24e</run_address>
         <size>0x2c</size>
         <input_file_ref idref="fl-c9"/>
      </object_component>
      <object_component id="oc-fe">
         <name>.debug_info</name>
         <load_address>0x1a27a</load_address>
         <run_address>0x1a27a</run_address>
         <size>0x13a</size>
         <input_file_ref idref="fl-ca"/>
      </object_component>
      <object_component id="oc-f9">
         <name>.debug_info</name>
         <load_address>0x1a3b4</load_address>
         <run_address>0x1a3b4</run_address>
         <size>0x13a</size>
         <input_file_ref idref="fl-cb"/>
      </object_component>
      <object_component id="oc-103">
         <name>.debug_info</name>
         <load_address>0x1a4ee</load_address>
         <run_address>0x1a4ee</run_address>
         <size>0x12e</size>
         <input_file_ref idref="fl-cc"/>
      </object_component>
      <object_component id="oc-a1">
         <name>.debug_info</name>
         <load_address>0x1a61c</load_address>
         <run_address>0x1a61c</run_address>
         <size>0x122</size>
         <input_file_ref idref="fl-cd"/>
      </object_component>
      <object_component id="oc-4e">
         <name>.debug_info</name>
         <load_address>0x1a73e</load_address>
         <run_address>0x1a73e</run_address>
         <size>0x119</size>
         <input_file_ref idref="fl-ce"/>
      </object_component>
      <object_component id="oc-f5">
         <name>.debug_info</name>
         <load_address>0x1a857</load_address>
         <run_address>0x1a857</run_address>
         <size>0x12e</size>
         <input_file_ref idref="fl-cf"/>
      </object_component>
      <object_component id="oc-133">
         <name>.debug_info</name>
         <load_address>0x1a985</load_address>
         <run_address>0x1a985</run_address>
         <size>0x147</size>
         <input_file_ref idref="fl-d0"/>
      </object_component>
      <object_component id="oc-1c4">
         <name>.debug_info</name>
         <load_address>0x1aacc</load_address>
         <run_address>0x1aacc</run_address>
         <size>0x13f</size>
         <input_file_ref idref="fl-d1"/>
      </object_component>
      <object_component id="oc-2b9">
         <name>.debug_info</name>
         <load_address>0x1ac0b</load_address>
         <run_address>0x1ac0b</run_address>
         <size>0x134</size>
         <input_file_ref idref="fl-d2"/>
      </object_component>
      <object_component id="oc-12f">
         <name>.debug_info</name>
         <load_address>0x1ad3f</load_address>
         <run_address>0x1ad3f</run_address>
         <size>0x2d4</size>
         <input_file_ref idref="fl-d3"/>
      </object_component>
      <object_component id="oc-60">
         <name>.debug_info</name>
         <load_address>0x1b013</load_address>
         <run_address>0x1b013</run_address>
         <size>0x1b5</size>
         <input_file_ref idref="fl-d3"/>
      </object_component>
      <object_component id="oc-12a">
         <name>.debug_info</name>
         <load_address>0x1b1c8</load_address>
         <run_address>0x1b1c8</run_address>
         <size>0x46</size>
         <input_file_ref idref="fl-d3"/>
      </object_component>
      <object_component id="oc-1f6">
         <name>.debug_info</name>
         <load_address>0x1b20e</load_address>
         <run_address>0x1b20e</run_address>
         <size>0x2c</size>
         <input_file_ref idref="fl-d3"/>
      </object_component>
      <object_component id="oc-57">
         <name>.debug_info</name>
         <load_address>0x1b23a</load_address>
         <run_address>0x1b23a</run_address>
         <size>0x2a8</size>
         <input_file_ref idref="fl-d4"/>
      </object_component>
      <object_component id="oc-1c">
         <name>.debug_info</name>
         <load_address>0x1b4e2</load_address>
         <run_address>0x1b4e2</run_address>
         <size>0x1ea</size>
         <input_file_ref idref="fl-d4"/>
      </object_component>
      <object_component id="oc-52">
         <name>.debug_info</name>
         <load_address>0x1b6cc</load_address>
         <run_address>0x1b6cc</run_address>
         <size>0x46</size>
         <input_file_ref idref="fl-d4"/>
      </object_component>
      <object_component id="oc-122">
         <name>.debug_info</name>
         <load_address>0x1b712</load_address>
         <run_address>0x1b712</run_address>
         <size>0x2c</size>
         <input_file_ref idref="fl-d4"/>
      </object_component>
      <object_component id="oc-120">
         <name>.debug_info</name>
         <load_address>0x1b73e</load_address>
         <run_address>0x1b73e</run_address>
         <size>0x29e</size>
         <input_file_ref idref="fl-d5"/>
      </object_component>
      <object_component id="oc-16">
         <name>.debug_info</name>
         <load_address>0x1b9dc</load_address>
         <run_address>0x1b9dc</run_address>
         <size>0x250</size>
         <input_file_ref idref="fl-d5"/>
      </object_component>
      <object_component id="oc-42">
         <name>.debug_info</name>
         <load_address>0x1bc2c</load_address>
         <run_address>0x1bc2c</run_address>
         <size>0x60</size>
         <input_file_ref idref="fl-d5"/>
      </object_component>
      <object_component id="oc-1ef">
         <name>.debug_info</name>
         <load_address>0x1bc8c</load_address>
         <run_address>0x1bc8c</run_address>
         <size>0x46</size>
         <input_file_ref idref="fl-d5"/>
      </object_component>
      <object_component id="oc-11b">
         <name>.debug_info</name>
         <load_address>0x1bcd2</load_address>
         <run_address>0x1bcd2</run_address>
         <size>0x39</size>
         <input_file_ref idref="fl-d5"/>
      </object_component>
      <object_component id="oc-287">
         <name>.debug_info</name>
         <load_address>0x1bd0b</load_address>
         <run_address>0x1bd0b</run_address>
         <size>0x2a4</size>
         <input_file_ref idref="fl-d6"/>
      </object_component>
      <object_component id="oc-17f">
         <name>.debug_info</name>
         <load_address>0x1bfaf</load_address>
         <run_address>0x1bfaf</run_address>
         <size>0x24d</size>
         <input_file_ref idref="fl-d6"/>
      </object_component>
      <object_component id="oc-289">
         <name>.debug_info</name>
         <load_address>0x1c1fc</load_address>
         <run_address>0x1c1fc</run_address>
         <size>0x28f</size>
         <input_file_ref idref="fl-d7"/>
      </object_component>
      <object_component id="oc-183">
         <name>.debug_info</name>
         <load_address>0x1c48b</load_address>
         <run_address>0x1c48b</run_address>
         <size>0x245</size>
         <input_file_ref idref="fl-d7"/>
      </object_component>
      <object_component id="oc-25">
         <name>.debug_info</name>
         <load_address>0x1c6d0</load_address>
         <run_address>0x1c6d0</run_address>
         <size>0x10b</size>
         <input_file_ref idref="fl-d8"/>
      </object_component>
      <object_component id="oc-6e">
         <name>.debug_info</name>
         <load_address>0x1c7db</load_address>
         <run_address>0x1c7db</run_address>
         <size>0x1a9</size>
         <input_file_ref idref="fl-d8"/>
      </object_component>
      <object_component id="oc-339">
         <name>.debug_info</name>
         <load_address>0x1c984</load_address>
         <run_address>0x1c984</run_address>
         <size>0x590</size>
         <input_file_ref idref="fl-d9"/>
      </object_component>
      <object_component id="oc-307">
         <name>.debug_info</name>
         <load_address>0x1cf14</load_address>
         <run_address>0x1cf14</run_address>
         <size>0x21e</size>
         <input_file_ref idref="fl-d9"/>
      </object_component>
      <object_component id="oc-38b">
         <name>.debug_info</name>
         <load_address>0x1d132</load_address>
         <run_address>0x1d132</run_address>
         <size>0x1b3</size>
         <input_file_ref idref="fl-d9"/>
      </object_component>
      <object_component id="oc-391">
         <name>.debug_info</name>
         <load_address>0x1d2e5</load_address>
         <run_address>0x1d2e5</run_address>
         <size>0x21b</size>
         <input_file_ref idref="fl-d9"/>
      </object_component>
      <object_component id="oc-312">
         <name>.debug_info</name>
         <load_address>0x1d500</load_address>
         <run_address>0x1d500</run_address>
         <size>0x3c0</size>
         <input_file_ref idref="fl-d9"/>
      </object_component>
      <object_component id="oc-398">
         <name>.debug_info</name>
         <load_address>0x1d8c0</load_address>
         <run_address>0x1d8c0</run_address>
         <size>0x30a</size>
         <input_file_ref idref="fl-d9"/>
      </object_component>
      <object_component id="oc-39e">
         <name>.debug_info</name>
         <load_address>0x1dbca</load_address>
         <run_address>0x1dbca</run_address>
         <size>0x215</size>
         <input_file_ref idref="fl-d9"/>
      </object_component>
      <object_component id="oc-318">
         <name>.debug_info</name>
         <load_address>0x1dddf</load_address>
         <run_address>0x1dddf</run_address>
         <size>0x215</size>
         <input_file_ref idref="fl-d9"/>
      </object_component>
      <object_component id="oc-31e">
         <name>.debug_info</name>
         <load_address>0x1dff4</load_address>
         <run_address>0x1dff4</run_address>
         <size>0x304</size>
         <input_file_ref idref="fl-d9"/>
      </object_component>
      <object_component id="oc-324">
         <name>.debug_info</name>
         <load_address>0x1e2f8</load_address>
         <run_address>0x1e2f8</run_address>
         <size>0x4b5</size>
         <input_file_ref idref="fl-d9"/>
      </object_component>
      <object_component id="oc-28e">
         <name>.debug_info</name>
         <load_address>0x1e7ad</load_address>
         <run_address>0x1e7ad</run_address>
         <size>0x5f4</size>
         <input_file_ref idref="fl-d9"/>
      </object_component>
      <object_component id="oc-33a">
         <name>.debug_info</name>
         <load_address>0x1eda1</load_address>
         <run_address>0x1eda1</run_address>
         <size>0x86</size>
         <input_file_ref idref="fl-d9"/>
      </object_component>
      <object_component id="oc-3ca">
         <name>.debug_info</name>
         <load_address>0x1ee27</load_address>
         <run_address>0x1ee27</run_address>
         <size>0x39</size>
         <input_file_ref idref="fl-d9"/>
      </object_component>
      <object_component id="oc-40f">
         <name>.debug_info</name>
         <load_address>0x1ee60</load_address>
         <run_address>0x1ee60</run_address>
         <size>0xb6</size>
         <input_file_ref idref="fl-d9"/>
      </object_component>
      <object_component id="oc-3cf">
         <name>.debug_info</name>
         <load_address>0x1ef16</load_address>
         <run_address>0x1ef16</run_address>
         <size>0x46</size>
         <input_file_ref idref="fl-d9"/>
      </object_component>
      <object_component id="oc-33f">
         <name>.debug_info</name>
         <load_address>0x1ef5c</load_address>
         <run_address>0x1ef5c</run_address>
         <size>0x46</size>
         <input_file_ref idref="fl-d9"/>
      </object_component>
      <object_component id="oc-2b3">
         <name>.debug_info</name>
         <load_address>0x1efa2</load_address>
         <run_address>0x1efa2</run_address>
         <size>0x115</size>
         <input_file_ref idref="fl-da"/>
      </object_component>
      <object_component id="oc-384">
         <name>.debug_info</name>
         <load_address>0x1f0b7</load_address>
         <run_address>0x1f0b7</run_address>
         <size>0x14c</size>
         <input_file_ref idref="fl-db"/>
      </object_component>
      <object_component id="oc-30a">
         <name>.debug_info</name>
         <load_address>0x1f203</load_address>
         <run_address>0x1f203</run_address>
         <size>0x128</size>
         <input_file_ref idref="fl-dc"/>
      </object_component>
      <object_component id="oc-374">
         <name>.debug_info</name>
         <load_address>0x1f32b</load_address>
         <run_address>0x1f32b</run_address>
         <size>0x12a</size>
         <input_file_ref idref="fl-dc"/>
      </object_component>
      <object_component id="oc-37e">
         <name>.debug_info</name>
         <load_address>0x1f455</load_address>
         <run_address>0x1f455</run_address>
         <size>0x12c</size>
         <input_file_ref idref="fl-dd"/>
      </object_component>
      <object_component id="oc-2c9">
         <name>.debug_info</name>
         <load_address>0x1f581</load_address>
         <run_address>0x1f581</run_address>
         <size>0x4b3</size>
         <input_file_ref idref="fl-de"/>
      </object_component>
      <object_component id="oc-20d">
         <name>.debug_info</name>
         <load_address>0x1fa34</load_address>
         <run_address>0x1fa34</run_address>
         <size>0x1a6</size>
         <input_file_ref idref="fl-de"/>
      </object_component>
      <object_component id="oc-35a">
         <name>.debug_info</name>
         <load_address>0x1fbda</load_address>
         <run_address>0x1fbda</run_address>
         <size>0x39</size>
         <input_file_ref idref="fl-de"/>
      </object_component>
      <object_component id="oc-3d7">
         <name>.debug_info</name>
         <load_address>0x1fc13</load_address>
         <run_address>0x1fc13</run_address>
         <size>0x39</size>
         <input_file_ref idref="fl-de"/>
      </object_component>
      <object_component id="oc-35f">
         <name>.debug_info</name>
         <load_address>0x1fc4c</load_address>
         <run_address>0x1fc4c</run_address>
         <size>0x39</size>
         <input_file_ref idref="fl-de"/>
      </object_component>
      <object_component id="oc-364">
         <name>.debug_info</name>
         <load_address>0x1fc85</load_address>
         <run_address>0x1fc85</run_address>
         <size>0xcd</size>
         <input_file_ref idref="fl-de"/>
      </object_component>
      <object_component id="oc-138">
         <name>.debug_info</name>
         <load_address>0x1fd52</load_address>
         <run_address>0x1fd52</run_address>
         <size>0x153</size>
         <input_file_ref idref="fl-df"/>
      </object_component>
      <object_component id="oc-202">
         <name>.debug_info</name>
         <load_address>0x1fea5</load_address>
         <run_address>0x1fea5</run_address>
         <size>0x122</size>
         <input_file_ref idref="fl-e1"/>
      </object_component>
      <object_component id="oc-3ea">
         <name>.debug_info</name>
         <load_address>0x1ffc7</load_address>
         <run_address>0x1ffc7</run_address>
         <size>0x29c</size>
         <input_file_ref idref="fl-e3"/>
      </object_component>
      <object_component id="oc-37b">
         <name>.debug_info</name>
         <load_address>0x20263</load_address>
         <run_address>0x20263</run_address>
         <size>0x1da</size>
         <input_file_ref idref="fl-e3"/>
      </object_component>
      <object_component id="oc-36f">
         <name>.debug_info</name>
         <load_address>0x2043d</load_address>
         <run_address>0x2043d</run_address>
         <size>0x2b9</size>
         <input_file_ref idref="fl-e5"/>
      </object_component>
      <object_component id="oc-2fe">
         <name>.debug_info</name>
         <load_address>0x206f6</load_address>
         <run_address>0x206f6</run_address>
         <size>0x17c</size>
         <input_file_ref idref="fl-e5"/>
      </object_component>
      <object_component id="oc-3e5">
         <name>.debug_info</name>
         <load_address>0x20872</load_address>
         <run_address>0x20872</run_address>
         <size>0xf9</size>
         <input_file_ref idref="fl-e6"/>
      </object_component>
      <object_component id="oc-36c">
         <name>.debug_info</name>
         <load_address>0x2096b</load_address>
         <run_address>0x2096b</run_address>
         <size>0x105</size>
         <input_file_ref idref="fl-e6"/>
      </object_component>
      <object_component id="oc-3b6">
         <name>.debug_info</name>
         <load_address>0x20a70</load_address>
         <run_address>0x20a70</run_address>
         <size>0x2a7</size>
         <input_file_ref idref="fl-e7"/>
      </object_component>
      <object_component id="oc-32a">
         <name>.debug_info</name>
         <load_address>0x20d17</load_address>
[...]
         <value>0x1ae9</value>
         <object_component_ref idref="oc-85"/>
      </symbol>
      <symbol id="sm-7a0">
         <name>vTimerSetTimerNumber</name>
         <value>0x5aa9</value>
         <object_component_ref idref="oc-16a"/>
      </symbol>
      <symbol id="sm-7a1">
         <name>xTimerGetTimerDaemonTaskHandle</name>
         <value>0x5451</value>
         <object_component_ref idref="oc-16a"/>
      </symbol>
      <symbol id="sm-7a2">
         <name>pcTimerGetName</name>
         <value>0x5559</value>
         <object_component_ref idref="oc-16a"/>
      </symbol>
      <symbol id="sm-7a3">
         <name>xTimerCreateTimerTask</name>
         <value>0x52f5</value>
         <object_component_ref idref="oc-16a"/>
      </symbol>
      <symbol id="sm-7a4">
         <name>xTimerGetExpiryTime</name>
         <value>0x552b</value>
         <object_component_ref idref="oc-16a"/>
      </symbol>
      <symbol id="sm-7a5">
         <name>uxTimerGetTimerNumber</name>
         <value>0x5a9b</value>
         <object_component_ref idref="oc-16a"/>
      </symbol>
      <symbol id="sm-7a6">
         <name>xTimerIsTimerActive</name>
         <value>0x5981</value>
         <object_component_ref idref="oc-16a"/>
      </symbol>
      <symbol id="sm-7a7">
         <name>xTimerGetPeriod</name>
         <value>0x5473</value>
         <object_component_ref idref="oc-16a"/>
      </symbol>
      <symbol id="sm-7a8">
         <name>xTimerGetReloadMode</name>
         <value>0x54e3</value>
         <object_component_ref idref="oc-16a"/>
      </symbol>
      <symbol id="sm-7a9">
         <name>xTimerCreate</name>
         <value>0x5333</value>
         <object_component_ref idref="oc-16a"/>
      </symbol>
      <symbol id="sm-7aa">
         <name>vTimerSetReloadMode</name>
         <value>0x5499</value>
         <object_component_ref idref="oc-16a"/>
      </symbol>
      <symbol id="sm-7ab">
         <name>xTimerGenericCommand</name>
         <value>0x53d1</value>
         <object_component_ref idref="oc-16a"/>
      </symbol>
      <symbol id="sm-7ac">
         <name>uxTimerGetReloadMode</name>
         <value>0x551f</value>
         <object_component_ref idref="oc-16a"/>
      </symbol>
      <symbol id="sm-7ad">
         <name>pvTimerGetTimerID</name>
         <value>0x59bd</value>
         <object_component_ref idref="oc-16a"/>
      </symbol>
      <symbol id="sm-7ae">
         <name>xTimerPendFunctionCallFromISR</name>
         <value>0x5a19</value>
         <object_component_ref idref="oc-16a"/>
      </symbol>
      <symbol id="sm-7af">
         <name>xTimerPendFunctionCall</name>
         <value>0x5a4f</value>
         <object_component_ref idref="oc-16a"/>
      </symbol>
      <symbol id="sm-7b0">
         <name>vTimerSetTimerID</name>
         <value>0x59eb</value>
         <object_component_ref idref="oc-16a"/>
      </symbol>
      <symbol id="sm-800">
         <name>ulMaxSyscallInterruptPriority</name>
         <value>0x82e0</value>
         <object_component_ref idref="oc-82"/>
      </symbol>
      <symbol id="sm-801">
         <name>vPortSetupTimerInterrupt</name>
         <value>0x623d</value>
         <object_component_ref idref="oc-32"/>
      </symbol>
      <symbol id="sm-802">
         <name>vPortEndScheduler</name>
         <value>0x6185</value>
         <object_component_ref idref="oc-32"/>
      </symbol>
      <symbol id="sm-803">
         <name>xPortSysTickHandler</name>
         <value>0x6217</value>
         <object_component_ref idref="oc-32"/>
      </symbol>
      <symbol id="sm-804">
         <name>vPortValidateInterruptPriority</name>
         <value>0x6259</value>
         <object_component_ref idref="oc-32"/>
      </symbol>
      <symbol id="sm-805">
         <name>pxPortInitialiseStack</name>
         <value>0x6041</value>
         <object_component_ref idref="oc-32"/>
      </symbol>
      <symbol id="sm-806">
         <name>vPortExitCritical</name>
         <value>0x61eb</value>
         <object_component_ref idref="oc-32"/>
      </symbol>
      <symbol id="sm-807">
         <name>xPortStartScheduler</name>
         <value>0x60cd</value>
         <object_component_ref idref="oc-32"/>
      </symbol>
      <symbol id="sm-808">
         <name>vPortEnterCritical</name>
         <value>0x61a9</value>
         <object_component_ref idref="oc-32"/>
      </symbol>
      <symbol id="sm-817">
         <name>vPortStartFirstTask</name>
         <value>0x7865</value>
         <object_component_ref idref="oc-2d"/>
      </symbol>
      <symbol id="sm-818">
         <name>ulPortGetIPSR</name>
         <value>0x77cd</value>
         <object_component_ref idref="oc-2d"/>
      </symbol>
      <symbol id="sm-819">
         <name>vPortEnableVFP</name>
         <value>0x7889</value>
         <object_component_ref idref="oc-2d"/>
      </symbol>
      <symbol id="sm-81a">
         <name>xPortPendSVHandler</name>
         <value>0x77e5</value>
         <object_component_ref idref="oc-2d"/>
      </symbol>
      <symbol id="sm-81b">
         <name>vPortSVCHandler</name>
         <value>0x7845</value>
         <object_component_ref idref="oc-2d"/>
      </symbol>
      <symbol id="sm-873">
         <name>vPortInitialiseBlocks</name>
         <value>0x677f</value>
         <object_component_ref idref="oc-152"/>
      </symbol>
      <symbol id="sm-874">
         <name>xPortGetFreeHeapSize</name>
         <value>0x6779</value>
         <object_component_ref idref="oc-152"/>
      </symbol>
      <symbol id="sm-875">
         <name>pvPortCalloc</name>
         <value>0x6781</value>
         <object_component_ref idref="oc-152"/>
      </symbol>
      <symbol id="sm-876">
         <name>pvPortMalloc</name>
         <value>0x6595</value>
         <object_component_ref idref="oc-152"/>
      </symbol>
      <symbol id="sm-877">
         <name>vPortFree</name>
         <value>0x66bb</value>
         <object_component_ref idref="oc-152"/>
      </symbol>
      <symbol id="sm-890">
         <name>ADCInit</name>
         <value>0x74a1</value>
         <object_component_ref idref="oc-bd"/>
      </symbol>
      <symbol id="sm-8cc">
         <name>GPIO_SW1GetState</name>
         <value>0x6481</value>
         <object_component_ref idref="oc-b1"/>
      </symbol>
      <symbol id="sm-8cd">
         <name>GPIO_PORTA_LedsInit</name>
         <value>0x6365</value>
         <object_component_ref idref="oc-b1"/>
      </symbol>
      <symbol id="sm-8ce">
         <name>GPIO_GreenLedOn</name>
         <value>0x642d</value>
         <object_component_ref idref="oc-b1"/>
      </symbol>
      <symbol id="sm-8cf">
         <name>GPIO_PORTA_Leds_Off</name>
         <value>0x6409</value>
         <object_component_ref idref="oc-b1"/>
      </symbol>
      <symbol id="sm-8d0">
         <name>GPIO_PORTA_RedLedOff</name>
         <value>0x63fd</value>
         <object_component_ref idref="oc-b1"/>
      </symbol>
      <symbol id="sm-8d1">
         <name>GPIO_BlueLedToggle</name>
         <value>0x6469</value>
         <object_component_ref idref="oc-b1"/>
      </symbol>
      <symbol id="sm-8d2">
         <name>GPIO_PORTA_BlueLedOff</name>
         <value>0x63e5</value>
         <object_component_ref idref="oc-b1"/>
      </symbol>
      <symbol id="sm-8d3">
         <name>GPIO_PORTA_GreenLedOn</name>
         <value>0x63cd</value>
         <object_component_ref idref="oc-b1"/>
      </symbol>
      <symbol id="sm-8d4">
         <name>GPIO_PORTA_GreenLedOff</name>
         <value>0x63f1</value>
         <object_component_ref idref="oc-b1"/>
      </symbol>
      <symbol id="sm-8d5">
         <name>GPIO_SW2GetState</name>
         <value>0x648b</value>
         <object_component_ref idref="oc-b1"/>
      </symbol>
      <symbol id="sm-8d6">
         <name>GPIO_PORTF_Leds_Off</name>
         <value>0x63b5</value>
         <object_component_ref idref="oc-b1"/>
      </symbol>
      <symbol id="sm-8d7">
         <name>GPIO_SW2EdgeTriggeredInterruptInit</name>
         <value>0x64e3</value>
         <object_component_ref idref="oc-b1"/>
      </symbol>
      <symbol id="sm-8d8">
         <name>GPIO_BuiltinButtonsLedsInit</name>
         <value>0x62f1</value>
         <object_component_ref idref="oc-b1"/>
      </symbol>
      <symbol id="sm-8d9">
         <name>GPIO_PORTA_BlueLedOn</name>
         <value>0x63c1</value>
         <object_component_ref idref="oc-b1"/>
      </symbol>
      <symbol id="sm-8da">
         <name>GPIO_RedLedToggle</name>
         <value>0x645d</value>
         <object_component_ref idref="oc-b1"/>
      </symbol>
      <symbol id="sm-8db">
         <name>GPIO_BlueLedOff</name>
         <value>0x6445</value>
         <object_component_ref idref="oc-b1"/>
      </symbol>
      <symbol id="sm-8dc">
         <name>GPIO_SW1EdgeTriggeredInterruptInit</name>
         <value>0x6495</value>
         <object_component_ref idref="oc-b1"/>
      </symbol>
      <symbol id="sm-8dd">
         <name>GPIO_GreenLedOff</name>
         <value>0x6451</value>
         <object_component_ref idref="oc-b1"/>
      </symbol>
      <symbol id="sm-8de">
         <name>GPIO_GreenLedToggle</name>
         <value>0x6475</value>
         <object_component_ref idref="oc-b1"/>
      </symbol>
      <symbol id="sm-8df">
         <name>GPIO_RedLedOff</name>
         <value>0x6439</value>
         <object_component_ref idref="oc-b1"/>
      </symbol>
      <symbol id="sm-8e0">
         <name>GPIO_PORTA_RedLedOn</name>
         <value>0x63d9</value>
         <object_component_ref idref="oc-b1"/>
      </symbol>
      <symbol id="sm-8e1">
         <name>GPIO_BlueLedOn</name>
         <value>0x6421</value>
         <object_component_ref idref="oc-b1"/>
      </symbol>
      <symbol id="sm-8e2">
         <name>GPIO_RedLedOn</name>
         <value>0x6415</value>
         <object_component_ref idref="oc-b1"/>
      </symbol>
      <symbol id="sm-8f4">
         <name>GPTM_WTimer0Init</name>
         <value>0x7e05</value>
         <object_component_ref idref="oc-b7"/>
      </symbol>
      <symbol id="sm-8f5">
         <name>GPTM_WTimer0Read</name>
         <value>0x7e35</value>
         <object_component_ref idref="oc-b7"/>
      </symbol>
      <symbol id="sm-923">
         <name>UART0_SendInteger</name>
         <value>0x6d49</value>
         <object_component_ref idref="oc-c3"/>
      </symbol>
      <symbol id="sm-924">
         <name>UART0_ReceiveByte</name>
         <value>0x6d13</value>
         <object_component_ref idref="oc-c3"/>
      </symbol>
      <symbol id="sm-925">
         <name>UART0_SendByte</name>
         <value>0x6cf7</value>
         <object_component_ref idref="oc-c3"/>
      </symbol>
      <symbol id="sm-926">
         <name>UART0_Init</name>
         <value>0x6cb7</value>
         <object_component_ref idref="oc-c3"/>
      </symbol>
      <symbol id="sm-927">
         <name>UART0_SendString</name>
         <value>0x6d23</value>
         <object_component_ref idref="oc-c3"/>
      </symbol>
      <symbol id="sm-94e">
         <name>sprintf</name>
         <value>0x7fd9</value>
         <object_component_ref idref="oc-188"/>
      </symbol>
      <symbol id="sm-962">
         <name>__aeabi_ddiv</name>
         <value>0x711d</value>
         <object_component_ref idref="oc-fd"/>
      </symbol>
      <symbol id="sm-96d">
         <name>__aeabi_dmul</name>
         <value>0x76c1</value>
         <object_component_ref idref="oc-f8"/>
      </symbol>
      <symbol id="sm-977">
         <name>__aeabi_d2iz</name>
         <value>0x7f4d</value>
         <object_component_ref idref="oc-102"/>
      </symbol>
      <symbol id="sm-980">
         <name>__aeabi_lmul</name>
         <value>0x8129</value>
         <object_component_ref idref="oc-a0"/>
      </symbol>
      <symbol id="sm-99b">
         <name>memcpy</name>
         <value>0x794b</value>
         <object_component_ref idref="oc-4c"/>
      </symbol>
      <symbol id="sm-99c">
         <name>__aeabi_memcpy</name>
         <value>0x794b</value>
         <object_component_ref idref="oc-4c"/>
      </symbol>
      <symbol id="sm-99d">
         <name>__aeabi_memcpy8</name>
         <value>0x794b</value>
         <object_component_ref idref="oc-4c"/>
      </symbol>
      <symbol id="sm-99e">
         <name>__aeabi_memcpy4</name>
         <value>0x794b</value>
         <object_component_ref idref="oc-4c"/>
      </symbol>
      <symbol id="sm-9a8">
         <name>__aeabi_ui2d</name>
         <value>0x80bb</value>
         <object_component_ref idref="oc-f3"/>
      </symbol>
      <symbol id="sm-9b7">
         <name>__aeabi_memset</name>
         <value>0x7b8b</value>
         <object_component_ref idref="oc-130"/>
      </symbol>
      <symbol id="sm-9b8">
         <name>memset</name>
         <value>0x7b91</value>
         <object_component_ref idref="oc-130"/>
      </symbol>
      <symbol id="sm-9b9">
         <name>__aeabi_memset8</name>
         <value>0x7b8b</value>
         <object_component_ref idref="oc-130"/>
      </symbol>
      <symbol id="sm-9ba">
         <name>__aeabi_memset4</name>
         <value>0x7b8b</value>
         <object_component_ref idref="oc-130"/>
      </symbol>
      <symbol id="sm-9bb">
         <name>__aeabi_memclr8</name>
         <value>0x7b89</value>
         <object_component_ref idref="oc-130"/>
      </symbol>
      <symbol id="sm-9bc">
         <name>__aeabi_memclr4</name>
         <value>0x7b89</value>
         <object_component_ref idref="oc-130"/>
      </symbol>
      <symbol id="sm-9bd">
         <name>__aeabi_memclr</name>
         <value>0x7b89</value>
         <object_component_ref idref="oc-130"/>
      </symbol>
      <symbol id="sm-9cb">
         <name>__aeabi_ldivmod</name>
         <value>0x7c71</value>
         <object_component_ref idref="oc-1c3"/>
      </symbol>
      <symbol id="sm-9d8">
         <name>__aeabi_uldivmod</name>
         <value>0x79e7</value>
         <object_component_ref idref="oc-2b6"/>
      </symbol>
      <symbol id="sm-9ef">
         <name>__TI_zero_init</name>
         <value>0x819f</value>
         <object_component_ref idref="oc-5e"/>
      </symbol>
      <symbol id="sm-a06">
         <name>__TI_decompress_none</name>
         <value>0x8191</value>
         <object_component_ref idref="oc-1b"/>
      </symbol>
      <symbol id="sm-a29">
         <name>__TI_decompress_lzss</name>
         <value>0x7cdf</value>
         <object_component_ref idref="oc-15"/>
      </symbol>
      <symbol id="sm-a37">
         <name>strcpy</name>
         <value>0x8157</value>
         <object_component_ref idref="oc-17c"/>
      </symbol>
      <symbol id="sm-a45">
         <name>strlen</name>
         <value>0x816b</value>
         <object_component_ref idref="oc-182"/>
      </symbol>
      <symbol id="sm-a58">
         <name>__stack</name>
         <value>0x200032c0</value>
         <object_component_ref idref="oc-24"/>
      </symbol>
      <symbol id="sm-a59">
         <name>_c_int00_noargs</name>
         <value>0x8059</value>
         <object_component_ref idref="oc-6a"/>
      </symbol>
      <symbol id="sm-bbe">
         <name>__TI_printfi</name>
         <value>0x48a5</value>
         <object_component_ref idref="oc-28a"/>
      </symbol>
      <symbol id="sm-bc8">
         <name>__aeabi_idiv0</name>
         <value>0x3a63</value>
         <object_component_ref idref="oc-2b1"/>
      </symbol>
      <symbol id="sm-bc9">
         <name>__aeabi_ldiv0</name>
         <value>0x3a63</value>
         <object_component_ref idref="oc-2b1"/>
      </symbol>
      <symbol id="sm-be0">
         <name>__aeabi_dsub</name>
         <value>0x6e29</value>
         <object_component_ref idref="oc-382"/>
      </symbol>
      <symbol id="sm-be1">
         <name>__aeabi_dadd</name>
         <value>0x6e33</value>
         <object_component_ref idref="oc-382"/>
      </symbol>
      <symbol id="sm-c03">
         <name>__aeabi_cdcmpeq</name>
         <value>0x7a7d</value>
         <object_component_ref idref="oc-309"/>
      </symbol>
      <symbol id="sm-c04">
         <name>__aeabi_cdcmple</name>
         <value>0x7a7d</value>
         <object_component_ref idref="oc-309"/>
      </symbol>
      <symbol id="sm-c05">
         <name>__aeabi_cdrcmple</name>
         <value>0x7b03</value>
         <object_component_ref idref="oc-372"/>
      </symbol>
      <symbol id="sm-c0f">
         <name>__aeabi_i2d</name>
         <value>0x808d</value>
         <object_component_ref idref="oc-37d"/>
      </symbol>
      <symbol id="sm-c37">
         <name>__TI_auto_init_nobinit_nopinit</name>
         <value>0x7f95</value>
         <object_component_ref idref="oc-20b"/>
      </symbol>
      <symbol id="sm-c41">
         <name>_system_pre_init</name>
         <value>0x81c9</value>
         <object_component_ref idref="oc-136"/>
      </symbol>
      <symbol id="sm-c4d">
         <name>C$$EXIT</name>
         <value>0x81cd</value>
         <object_component_ref idref="oc-1ff"/>
      </symbol>
      <symbol id="sm-c4e">
         <name>abort</name>
         <value>0x81cd</value>
         <object_component_ref idref="oc-1ff"/>
      </symbol>
      <symbol id="sm-c5e">
         <name>__TI_ltoa</name>
         <value>0x7e59</value>
         <object_component_ref idref="oc-377"/>
      </symbol>
      <symbol id="sm-c75">
         <name>atoi</name>
         <value>0x7f01</value>
         <object_component_ref idref="oc-2fd"/>
      </symbol>
      <symbol id="sm-c80">
         <name>_ctypes_</name>
         <value>0x81d0</value>
         <object_component_ref idref="oc-36b"/>
      </symbol>
      <symbol id="sm-c90">
         <name>memccpy</name>
         <value>0x80db</value>
         <object_component_ref idref="oc-326"/>
      </symbol>
      <symbol id="sm-ca0">
         <name>strchr</name>
         <value>0x8141</value>
         <object_component_ref idref="oc-3ae"/>
      </symbol>
      <symbol id="sm-cb6">
         <name>__aeabi_errno_addr</name>
         <value>0x81c1</value>
         <object_component_ref idref="oc-332"/>
      </symbol>
      <symbol id="sm-cb7">
         <name>errno</name>
         <value>0x2000354c</value>
         <object_component_ref idref="oc-3be"/>
      </symbol>
      <symbol id="sm-cd0">
         <name>wcslen</name>
         <value>0x817f</value>
         <object_component_ref idref="oc-32c"/>
      </symbol>
      <symbol id="sm-cf0">
         <name>frexpl</name>
         <value>0x7d49</value>
         <object_component_ref idref="oc-3a2"/>
      </symbol>
      <symbol id="sm-cf1">
         <name>frexp</name>
         <value>0x7d49</value>
         <object_component_ref idref="oc-3a2"/>
      </symbol>
      <symbol id="sm-d0e">
         <name>scalbn</name>
         <value>0x75b1</value>
         <object_component_ref idref="oc-3a8"/>
      </symbol>
      <symbol id="sm-d0f">
         <name>scalbnl</name>
         <value>0x75b1</value>
         <object_component_ref idref="oc-3a8"/>
      </symbol>
      <symbol id="sm-d10">
         <name>ldexpl</name>
         <value>0x75b1</value>
         <object_component_ref idref="oc-3a8"/>
      </symbol>
      <symbol id="sm-d11">
         <name>ldexp</name>
         <value>0x75b1</value>
         <object_component_ref idref="oc-3a8"/>
      </symbol>
      <symbol id="sm-d1b">
         <name>copysign</name>
         <value>0x80f7</value>
         <object_component_ref idref="oc-3f8"/>
      </symbol>
      <symbol id="sm-d1c">
         <name>copysignl</name>
         <value>0x80f7</value>
         <object_component_ref idref="oc-3f8"/>
      </symbol>
      <symbol id="sm-d1d">
         <name>__TI_static_base__</name>
         <value>0x0</value>
      </symbol>
      <symbol id="sm-d20">
         <name>__mpu_init</name>
         <value>0x0</value>
      </symbol>
      <symbol id="sm-d21">
         <name>_system_post_cinit</name>
         <value>0x0</value>
      </symbol>
   </symbol_table>
   <title>Link successful</title>
</link_info>
